Component: ARM Compiler 5.06 update 6 (build 750) Tool: armlink [4d35ed]

==============================================================================

Section Cross References

    startup_stm32h743xx.o(RESET) refers to startup_stm32h743xx.o(STACK) for __initial_sp
    startup_stm32h743xx.o(RESET) refers to startup_stm32h743xx.o(.text) for Reset_Handler
    startup_stm32h743xx.o(RESET) refers to stm32h7xx_it.o(i.NMI_Handler) for NMI_Handler
    startup_stm32h743xx.o(RESET) refers to stm32h7xx_it.o(i.HardFault_Handler) for HardFault_Handler
    startup_stm32h743xx.o(RESET) refers to stm32h7xx_it.o(i.MemManage_Handler) for MemManage_Handler
    startup_stm32h743xx.o(RESET) refers to stm32h7xx_it.o(i.BusFault_Handler) for BusFault_Handler
    startup_stm32h743xx.o(RESET) refers to stm32h7xx_it.o(i.UsageFault_Handler) for UsageFault_Handler
    startup_stm32h743xx.o(RESET) refers to port.o(.emb_text) for SVC_Handler
    startup_stm32h743xx.o(RESET) refers to stm32h7xx_it.o(i.DebugMon_Handler) for DebugMon_Handler
    startup_stm32h743xx.o(RESET) refers to stm32h7xx_it.o(i.SysTick_Handler) for SysTick_Handler
    startup_stm32h743xx.o(.text) refers to system_stm32h7xx.o(i.SystemInit) for SystemInit
    startup_stm32h743xx.o(.text) refers to entry.o(.ARM.Collect$$$$00000000) for __main
    system_stm32h7xx.o(i.SystemCoreClockUpdate) refers to system_stm32h7xx.o(.data) for SystemCoreClock
    system_stm32h7xx.o(i.SystemCoreClockUpdate) refers to system_stm32h7xx.o(.constdata) for D1CorePrescTable
    stm32h7xx_hal.o(i.HAL_DeInit) refers to stm32h7xx_hal.o(i.HAL_MspDeInit) for HAL_MspDeInit
    stm32h7xx_hal.o(i.HAL_Delay) refers to stm32h7xx_hal.o(i.HAL_GetTick) for HAL_GetTick
    stm32h7xx_hal.o(i.HAL_Delay) refers to stm32h7xx_hal.o(.data) for uwTickFreq
    stm32h7xx_hal.o(i.HAL_GetTick) refers to stm32h7xx_hal.o(.data) for uwTick
    stm32h7xx_hal.o(i.HAL_GetTickFreq) refers to stm32h7xx_hal.o(.data) for uwTickFreq
    stm32h7xx_hal.o(i.HAL_GetTickPrio) refers to stm32h7xx_hal.o(.data) for uwTickPrio
    stm32h7xx_hal.o(i.HAL_IncTick) refers to stm32h7xx_hal.o(.data) for uwTick
    stm32h7xx_hal.o(i.HAL_Init) refers to stm32h7xx_hal_cortex.o(i.HAL_NVIC_SetPriorityGrouping) for HAL_NVIC_SetPriorityGrouping
    stm32h7xx_hal.o(i.HAL_Init) refers to stm32h7xx_hal.o(i.HAL_InitTick) for HAL_InitTick
    stm32h7xx_hal.o(i.HAL_Init) refers to stm32h7xx_hal.o(i.HAL_MspInit) for HAL_MspInit
    stm32h7xx_hal.o(i.HAL_InitTick) refers to stm32h7xx_hal_cortex.o(i.HAL_SYSTICK_Config) for HAL_SYSTICK_Config
    stm32h7xx_hal.o(i.HAL_InitTick) refers to stm32h7xx_hal_cortex.o(i.HAL_NVIC_SetPriority) for HAL_NVIC_SetPriority
    stm32h7xx_hal.o(i.HAL_InitTick) refers to stm32h7xx_hal.o(.data) for uwTickFreq
    stm32h7xx_hal.o(i.HAL_InitTick) refers to system_stm32h7xx.o(.data) for SystemCoreClock
    stm32h7xx_hal.o(i.HAL_SYSCFG_EnableVREFBUF) refers to stm32h7xx_hal.o(i.HAL_GetTick) for HAL_GetTick
    stm32h7xx_hal.o(i.HAL_SetTickFreq) refers to stm32h7xx_hal.o(i.HAL_InitTick) for HAL_InitTick
    stm32h7xx_hal.o(i.HAL_SetTickFreq) refers to stm32h7xx_hal.o(.data) for uwTickFreq
    stm32h7xx_hal_cortex.o(i.HAL_NVIC_GetPriorityGrouping) refers to stm32h7xx_hal_cortex.o(i.__NVIC_GetPriorityGrouping) for __NVIC_GetPriorityGrouping
    stm32h7xx_hal_cortex.o(i.HAL_NVIC_SetPriority) refers to stm32h7xx_hal_cortex.o(i.__NVIC_GetPriorityGrouping) for __NVIC_GetPriorityGrouping
    stm32h7xx_hal_cortex.o(i.HAL_NVIC_SetPriority) refers to stm32h7xx_hal_cortex.o(i.__NVIC_SetPriority) for __NVIC_SetPriority
    stm32h7xx_hal_cortex.o(i.HAL_SYSTICK_Config) refers to stm32h7xx_hal_cortex.o(i.__NVIC_SetPriority) for __NVIC_SetPriority
    stm32h7xx_hal_cortex.o(i.HAL_SYSTICK_IRQHandler) refers to stm32h7xx_hal_cortex.o(i.HAL_SYSTICK_Callback) for HAL_SYSTICK_Callback
    stm32h7xx_hal_gpio.o(i.HAL_GPIO_EXTI_IRQHandler) refers to stm32h7xx_hal_gpio.o(i.HAL_GPIO_EXTI_Callback) for HAL_GPIO_EXTI_Callback
    stm32h7xx_hal_tim.o(i.HAL_TIM_Base_DeInit) refers to stm32h7xx_hal_tim.o(i.HAL_TIM_Base_MspDeInit) for HAL_TIM_Base_MspDeInit
    stm32h7xx_hal_tim.o(i.HAL_TIM_Base_Init) refers to stm32h7xx_hal_tim.o(i.HAL_TIM_Base_MspInit) for HAL_TIM_Base_MspInit
    stm32h7xx_hal_tim.o(i.HAL_TIM_Base_Init) refers to stm32h7xx_hal_tim.o(i.TIM_Base_SetConfig) for TIM_Base_SetConfig
    stm32h7xx_hal_tim.o(i.HAL_TIM_Base_Start_DMA) refers to stm32h7xx_hal_dma.o(i.HAL_DMA_Start_IT) for HAL_DMA_Start_IT
    stm32h7xx_hal_tim.o(i.HAL_TIM_Base_Start_DMA) refers to stm32h7xx_hal_tim.o(i.TIM_DMAPeriodElapsedCplt) for TIM_DMAPeriodElapsedCplt
    stm32h7xx_hal_tim.o(i.HAL_TIM_Base_Start_DMA) refers to stm32h7xx_hal_tim.o(i.TIM_DMAError) for TIM_DMAError
    stm32h7xx_hal_tim.o(i.HAL_TIM_ConfigClockSource) refers to stm32h7xx_hal_tim.o(i.TIM_ETR_SetConfig) for TIM_ETR_SetConfig
    stm32h7xx_hal_tim.o(i.HAL_TIM_ConfigClockSource) refers to stm32h7xx_hal_tim.o(i.TIM_TI1_ConfigInputStage) for TIM_TI1_ConfigInputStage
[...]
    Removing tasks.o(i.xTaskResumeFromISR), (212 bytes).
    Removing tasks.o(.constdata), (48 bytes).
    Removing timers.o(.rev16_text), (4 bytes).
    Removing timers.o(.revsh_text), (4 bytes).
    Removing timers.o(.rrx_text), (6 bytes).
    Removing timers.o(.constdata), (48 bytes).
    Removing port.o(.rev16_text), (4 bytes).
    Removing port.o(.revsh_text), (4 bytes).
    Removing port.o(.rrx_text), (6 bytes).
    Removing port.o(i.vPortEndScheduler), (108 bytes).
    Removing port.o(i.vPortValidateInterruptPriority), (168 bytes).
    Removing port.o(.constdata), (48 bytes).
    Removing heap_4.o(.rev16_text), (4 bytes).
    Removing heap_4.o(.revsh_text), (4 bytes).
    Removing heap_4.o(.rrx_text), (6 bytes).
    Removing heap_4.o(i.vPortGetHeapStats), (128 bytes).
    Removing heap_4.o(i.vPortInitialiseBlocks), (2 bytes).
    Removing heap_4.o(i.xPortGetFreeHeapSize), (12 bytes).
    Removing heap_4.o(i.xPortGetMinimumEverFreeHeapSize), (12 bytes).
    Removing heap_4.o(.constdata), (48 bytes).
    Removing dadd.o(.text), (334 bytes).
    Removing dmul.o(.text), (228 bytes).
    Removing ddiv.o(.text), (222 bytes).
    Removing dfixul.o(.text), (48 bytes).
    Removing cdrcmple.o(.text), (48 bytes).
    Removing depilogue.o(.text), (186 bytes).

1056 unused section(s) (total 83452 bytes) removed from the image.

==============================================================================

Image Symbol Table

    Local Symbols

    Symbol Name                              Value     Ov Type        Size  Object(Section)

    ../clib/microlib/division.c              0x00000000   Number         0  uidiv.o ABSOLUTE
    ../clib/microlib/division.c              0x00000000   Number         0  uldiv.o ABSOLUTE
    ../clib/microlib/init/entry.s            0x00000000   Number         0  entry9a.o ABSOLUTE
    ../clib/microlib/init/entry.s            0x00000000   Number         0  entry10a.o ABSOLUTE
    ../clib/microlib/init/entry.s            0x00000000   Number         0  entry9b.o ABSOLUTE
    ../clib/microlib/init/entry.s            0x00000000   Number         0  entry2.o ABSOLUTE
    ../clib/microlib/init/entry.s            0x00000000   Number         0  entry5.o ABSOLUTE
    ../clib/microlib/init/entry.s            0x00000000   Number         0  entry7b.o ABSOLUTE
    ../clib/microlib/init/entry.s            0x00000000   Number         0  entry.o ABSOLUTE
    ../clib/microlib/init/entry.s            0x00000000   Number         0  entry8a.o ABSOLUTE
    ../clib/microlib/init/entry.s            0x00000000   Number         0  entry7a.o ABSOLUTE
    ../clib/microlib/init/entry.s            0x00000000   Number         0  entry11b.o ABSOLUTE
    ../clib/microlib/init/entry.s            0x00000000   Number         0  entry11a.o ABSOLUTE
    ../clib/microlib/init/entry.s            0x00000000   Number         0  entry10b.o ABSOLUTE
    ../clib/microlib/init/entry.s            0x00000000   Number         0  entry8b.o ABSOLUTE
    ../clib/microlib/longlong.c              0x00000000   Number         0  llsshr.o ABSOLUTE
    ../clib/microlib/longlong.c              0x00000000   Number         0  llushr.o ABSOLUTE
    ../clib/microlib/longlong.c              0x00000000   Number         0  llshl.o ABSOLUTE
    ../clib/microlib/printf/printf.c         0x00000000   Number         0  printfb.o ABSOLUTE
    ../clib/microlib/printf/printf.c         0x00000000   Number         0  printf0.o ABSOLUTE
    ../clib/microlib/printf/printf.c         0x00000000   Number         0  printf1.o ABSOLUTE
    ../clib/microlib/printf/printf.c         0x00000000   Number         0  printf2.o ABSOLUTE
    ../clib/microlib/printf/printf.c         0x00000000   Number         0  printf3.o ABSOLUTE
    ../clib/microlib/printf/printf.c         0x00000000   Number         0  printf4.o ABSOLUTE
    ../clib/microlib/printf/printf.c         0x00000000   Number         0  printf5.o ABSOLUTE
    ../clib/microlib/printf/printf.c         0x00000000   Number         0  printf7.o ABSOLUTE
    ../clib/microlib/printf/printf.c         0x00000000   Number         0  printf8.o ABSOLUTE
    ../clib/microlib/printf/printf.c         0x00000000   Number         0  printfa.o ABSOLUTE
    ../clib/microlib/printf/printf.c         0x00000000   Number         0  printf6.o ABSOLUTE
    ../clib/microlib/printf/stubs.s          0x00000000   Number         0  stubs.o ABSOLUTE
    ../clib/microlib/stdio/streams.c         0x00000000   Number         0  stdout.o ABSOLUTE
    ../clib/microlib/string/memcpy.c         0x00000000   Number         0  memcpya.o ABSOLUTE
    ../clib/microlib/string/memcpy.c         0x00000000   Number         0  memcpyb.o ABSOLUTE
    ../clib/microlib/string/memset.c         0x00000000   Number         0  memset.o ABSOLUTE
    ../clib/microlib/string/memset.c         0x00000000   Number         0  memseta.o ABSOLUTE
    ../clib/microlib/stubs.s                 0x00000000   Number         0  iusefp.o ABSOLUTE
    ../fplib/microlib/fpadd.c                0x00000000   Number         0  dadd.o ABSOLUTE
    ../fplib/microlib/fpdiv.c                0x00000000   Number         0  ddiv.o ABSOLUTE
    ../fplib/microlib/fpepilogue.c           0x00000000   Number         0  depilogue.o ABSOLUTE
    ../fplib/microlib/fpfix.c                0x00000000   Number         0  dfixul.o ABSOLUTE
    ../fplib/microlib/fpmul.c                0x00000000   Number         0  dmul.o ABSOLUTE
    ..\..\FreeRTOS\croutine.c                0x00000000   Number         0  croutine.o ABSOLUTE
    ..\..\FreeRTOS\event_groups.c            0x00000000   Number         0  event_groups.o ABSOLUTE
    ..\..\FreeRTOS\list.c                    0x00000000   Number         0  list.o ABSOLUTE
    ..\..\FreeRTOS\portable\MemMang\heap_4.c 0x00000000   Number         0  heap_4.o ABSOLUTE
    ..\..\FreeRTOS\portable\RVDS\ARM_CM7\r0p1\port.c 0x00000000   Number         0  port.o ABSOLUTE
    ..\..\FreeRTOS\queue.c                   0x00000000   Number         0  queue.o ABSOLUTE
    ..\..\FreeRTOS\stream_buffer.c           0x00000000   Number         0  stream_buffer.o ABSOLUTE
    ..\..\FreeRTOS\tasks.c                   0x00000000   Number         0  tasks.o ABSOLUTE
    ..\..\FreeRTOS\timers.c                  0x00000000   Number         0  timers.o ABSOLUTE
    ..\..\Libraries\CMSIS\Device\ST\STM32H7xx\Source\Templates\arm\startup_stm32h743xx.s 0x00000000   Number         0  startup_stm32h743xx.o ABSOLUTE
    ..\..\Libraries\CMSIS\Device\ST\STM32H7xx\Source\Templates\system_stm32h7xx.c 0x00000000   Number         0  system_stm32h7xx.o ABSOLUTE
    ..\..\Libraries\STM32H7xx_HAL_Driver\Src\stm32h7xx_hal.c 0x00000000   Number         0  stm32h7xx_hal.o ABSOLUTE
    ..\..\Libraries\STM32H7xx_HAL_Driver\Src\stm32h7xx_hal_adc.c 0x00000000   Number         0  stm32h7xx_hal_adc.o ABSOLUTE
    ..\..\Libraries\STM32H7xx_HAL_Driver\Src\stm32h7xx_hal_adc_ex.c 0x00000000   Number         0  stm32h7xx_hal_adc_ex.o ABSOLUTE
    ..\..\Libraries\STM32H7xx_HAL_Driver\Src\stm32h7xx_hal_cec.c 0x00000000   Number         0  stm32h7xx_hal_cec.o ABSOLUTE
    ..\..\Libraries\STM32H7xx_HAL_Driver\Src\stm32h7xx_hal_comp.c 0x00000000   Number         0  stm32h7xx_hal_comp.o ABSOLUTE
    ..\..\Libraries\STM32H7xx_HAL_Driver\Src\stm32h7xx_hal_cortex.c 0x00000000   Number         0  stm32h7xx_hal_cortex.o ABSOLUTE
    ..\..\Libraries\STM32H7xx_HAL_Driver\Src\stm32h7xx_hal_crc.c 0x00000000   Number         0  stm32h7xx_hal_crc.o ABSOLUTE
    ..\..\Libraries\STM32H7xx_HAL_Driver\Src\stm32h7xx_hal_crc_ex.c 0x00000000   Number         0  stm32h7xx_hal_crc_ex.o ABSOLUTE
    ..\..\Libraries\STM32H7xx_HAL_Driver\Src\stm32h7xx_hal_cryp.c 0x00000000   Number         0  stm32h7xx_hal_cryp.o ABSOLUTE
    ..\..\Libraries\STM32H7xx_HAL_Driver\Src\stm32h7xx_hal_cryp_ex.c 0x00000000   Number         0  stm32h7xx_hal_cryp_ex.o ABSOLUTE
    ..\..\Libraries\STM32H7xx_HAL_Driver\Src\stm32h7xx_hal_dac.c 0x00000000   Number         0  stm32h7xx_hal_dac.o ABSOLUTE
    ..\..\Libraries\STM32H7xx_HAL_Driver\Src\stm32h7xx_hal_dac_ex.c 0x00000000   Number         0  stm32h7xx_hal_dac_ex.o ABSOLUTE
    ..\..\Libraries\STM32H7xx_HAL_Driver\Src\stm32h7xx_hal_dcmi.c 0x00000000   Number         0  stm32h7xx_hal_dcmi.o ABSOLUTE
    ..\..\Libraries\STM32H7xx_HAL_Driver\Src\stm32h7xx_hal_dfsdm.c 0x00000000   Number         0  stm32h7xx_hal_dfsdm.o ABSOLUTE
    ..\..\Libraries\STM32H7xx_HAL_Driver\Src\stm32h7xx_hal_dma.c 0x00000000   Number         0  stm32h7xx_hal_dma.o ABSOLUTE
    ..\..\Libraries\STM32H7xx_HAL_Driver\Src\stm32h7xx_hal_dma2d.c 0x00000000   Number         0  stm32h7xx_hal_dma2d.o ABSOLUTE
    ..\..\Libraries\STM32H7xx_HAL_Driver\Src\stm32h7xx_hal_dma_ex.c 0x00000000   Number         0  stm32h7xx_hal_dma_ex.o ABSOLUTE
    ..\..\Libraries\STM32H7xx_HAL_Driver\Src\stm32h7xx_hal_eth.c 0x00000000   Number         0  stm32h7xx_hal_eth.o ABSOLUTE
    ..\..\Libraries\STM32H7xx_HAL_Driver\Src\stm32h7xx_hal_eth_ex.c 0x00000000   Number         0  stm32h7xx_hal_eth_ex.o ABSOLUTE
    ..\..\Libraries\STM32H7xx_HAL_Driver\Src\stm32h7xx_hal_fdcan.c 0x00000000   Number         0  stm32h7xx_hal_fdcan.o ABSOLUTE
    ..\..\Libraries\STM32H7xx_HAL_Driver\Src\stm32h7xx_hal_flash.c 0x00000000   Number         0  stm32h7xx_hal_flash.o ABSOLUTE
    ..\..\Libraries\STM32H7xx_HAL_Driver\Src\stm32h7xx_hal_flash_ex.c 0x00000000   Number         0  stm32h7xx_hal_flash_ex.o ABSOLUTE
    ..\..\Libraries\STM32H7xx_HAL_Driver\Src\stm32h7xx_hal_gpio.c 0x00000000   Number         0  stm32h7xx_hal_gpio.o ABSOLUTE
    ..\..\Libraries\STM32H7xx_HAL_Driver\Src\stm32h7xx_hal_hash.c 0x00000000   Number         0  stm32h7xx_hal_hash.o ABSOLUTE
    ..\..\Libraries\STM32H7xx_HAL_Driver\Src\stm32h7xx_hal_hash_ex.c 0x00000000   Number         0  stm32h7xx_hal_hash_ex.o ABSOLUTE
    ..\..\Libraries\STM32H7xx_HAL_Driver\Src\stm32h7xx_hal_hcd.c 0x00000000   Number         0  stm32h7xx_hal_hcd.o ABSOLUTE
    ..\..\Libraries\STM32H7xx_HAL_Driver\Src\stm32h7xx_hal_hrtim.c 0x00000000   Number         0  stm32h7xx_hal_hrtim.o ABSOLUTE
    ..\..\Libraries\STM32H7xx_HAL_Driver\Src\stm32h7xx_hal_hsem.c 0x00000000   Number         0  stm32h7xx_hal_hsem.o ABSOLUTE
    ..\..\Libraries\STM32H7xx_HAL_Driver\Src\stm32h7xx_hal_i2c.c 0x00000000   Number         0  stm32h7xx_hal_i2c.o ABSOLUTE
    ..\..\Libraries\STM32H7xx_HAL_Driver\Src\stm32h7xx_hal_i2c_ex.c 0x00000000   Number         0  stm32h7xx_hal_i2c_ex.o ABSOLUTE
    ..\..\Libraries\STM32H7xx_HAL_Driver\Src\stm32h7xx_hal_i2s.c 0x00000000   Number         0  stm32h7xx_hal_i2s.o ABSOLUTE
    ..\..\Libraries\STM32H7xx_HAL_Driver\Src\stm32h7xx_hal_i2s_ex.c 0x00000000   Number         0  stm32h7xx_hal_i2s_ex.o ABSOLUTE
    ..\..\Libraries\STM32H7xx_HAL_Driver\Src\stm32h7xx_hal_irda.c 0x00000000   Number         0  stm32h7xx_hal_irda.o ABSOLUTE
    ..\..\Libraries\STM32H7xx_HAL_Driver\Src\stm32h7xx_hal_iwdg.c 0x00000000   Number         0  stm32h7xx_hal_iwdg.o ABSOLUTE
    ..\..\Libraries\STM32H7xx_HAL_Driver\Src\stm32h7xx_hal_jpeg.c 0x00000000   Number         0  stm32h7xx_hal_jpeg.o ABSOLUTE
    ..\..\Libraries\STM32H7xx_HAL_Driver\Src\stm32h7xx_hal_lptim.c 0x00000000   Number         0  stm32h7xx_hal_lptim.o ABSOLUTE
    ..\..\Libraries\STM32H7xx_HAL_Driver\Src\stm32h7xx_hal_ltdc.c 0x00000000   Number         0  stm32h7xx_hal_ltdc.o ABSOLUTE
    ..\..\Libraries\STM32H7xx_HAL_Driver\Src\stm32h7xx_hal_mdios.c 0x00000000   Number         0  stm32h7xx_hal_mdios.o ABSOLUTE
    ..\..\Libraries\STM32H7xx_HAL_Driver\Src\stm32h7xx_hal_mdma.c 0x00000000   Number         0  stm32h7xx_hal_mdma.o ABSOLUTE
    ..\..\Libraries\STM32H7xx_HAL_Driver\Src\stm32h7xx_hal_mmc.c 0x00000000   Number         0  stm32h7xx_hal_mmc.o ABSOLUTE
    ..\..\Libraries\STM32H7xx_HAL_Driver\Src\stm32h7xx_hal_mmc_ex.c 0x00000000   Number         0  stm32h7xx_hal_mmc_ex.o ABSOLUTE
    ..\..\Libraries\STM32H7xx_HAL_Driver\Src\stm32h7xx_hal_nand.c 0x00000000   Number         0  stm32h7xx_hal_nand.o ABSOLUTE
    ..\..\Libraries\STM32H7xx_HAL_Driver\Src\stm32h7xx_hal_nor.c 0x00000000   Number         0  stm32h7xx_hal_nor.o ABSOLUTE
    ..\..\Libraries\STM32H7xx_HAL_Driver\Src\stm32h7xx_hal_opamp.c 0x00000000   Number         0  stm32h7xx_hal_opamp.o ABSOLUTE
    ..\..\Libraries\STM32H7xx_HAL_Driver\Src\stm32h7xx_hal_opamp_ex.c 0x00000000   Number         0  stm32h7xx_hal_opamp_ex.o ABSOLUTE
    ..\..\Libraries\STM32H7xx_HAL_Driver\Src\stm32h7xx_hal_pcd.c 0x00000000   Number         0  stm32h7xx_hal_pcd.o ABSOLUTE
    ..\..\Libraries\STM32H7xx_HAL_Driver\Src\stm32h7xx_hal_pcd_ex.c 0x00000000   Number         0  stm32h7xx_hal_pcd_ex.o ABSOLUTE
    ..\..\Libraries\STM32H7xx_HAL_Driver\Src\stm32h7xx_hal_pwr.c 0x00000000   Number         0  stm32h7xx_hal_pwr.o ABSOLUTE
    ..\..\Libraries\STM32H7xx_HAL_Driver\Src\stm32h7xx_hal_pwr_ex.c 0x00000000   Number         0  stm32h7xx_hal_pwr_ex.o ABSOLUTE
    ..\..\Libraries\STM32H7xx_HAL_Driver\Src\stm32h7xx_hal_qspi.c 0x00000000   Number         0  stm32h7xx_hal_qspi.o ABSOLUTE
    ..\..\Libraries\STM32H7xx_HAL_Driver\Src\stm32h7xx_hal_rcc.c 0x00000000   Number         0  stm32h7xx_hal_rcc.o ABSOLUTE
    ..\..\Libraries\STM32H7xx_HAL_Driver\Src\stm32h7xx_hal_rcc_ex.c 0x00000000   Number         0  stm32h7xx_hal_rcc_ex.o ABSOLUTE
    ..\..\Libraries\STM32H7xx_HAL_Driver\Src\stm32h7xx_hal_rng.c 0x00000000   Number         0  stm32h7xx_hal_rng.o ABSOLUTE
    ..\..\Libraries\STM32H7xx_HAL_Driver\Src\stm32h7xx_hal_rtc.c 0x00000000   Number         0  stm32h7xx_hal_rtc.o ABSOLUTE
    ..\..\Libraries\STM32H7xx_HAL_Driver\Src\stm32h7xx_hal_rtc_ex.c 0x00000000   Number         0  stm32h7xx_hal_rtc_ex.o ABSOLUTE
    ..\..\Libraries\STM32H7xx_HAL_Driver\Src\stm32h7xx_hal_sai.c 0x00000000   Number         0  stm32h7xx_hal_sai.o ABSOLUTE
    ..\..\Libraries\STM32H7xx_HAL_Driver\Src\stm32h7xx_hal_sai_ex.c 0x00000000   Number         0  stm32h7xx_hal_sai_ex.o ABSOLUTE
    ..\..\Libraries\STM32H7xx_HAL_Driver\Src\stm32h7xx_hal_sd.c 0x00000000   Number         0  stm32h7xx_hal_sd.o ABSOLUTE
    ..\..\Libraries\STM32H7xx_HAL_Driver\Src\stm32h7xx_hal_sd_ex.c 0x00000000   Number         0  stm32h7xx_hal_sd_ex.o ABSOLUTE
    ..\..\Libraries\STM32H7xx_HAL_Driver\Src\stm32h7xx_hal_sdram.c 0x00000000   Number         0  stm32h7xx_hal_sdram.o ABSOLUTE
    ..\..\Libraries\STM32H7xx_HAL_Driver\Src\stm32h7xx_hal_smartcard.c 0x00000000   Number         0  stm32h7xx_hal_smartcard.o ABSOLUTE
    ..\..\Libraries\STM32H7xx_HAL_Driver\Src\stm32h7xx_hal_smartcard_ex.c 0x00000000   Number         0  stm32h7xx_hal_smartcard_ex.o ABSOLUTE
    ..\..\Libraries\STM32H7xx_HAL_Driver\Src\stm32h7xx_hal_smbus.c 0x00000000   Number         0  stm32h7xx_hal_smbus.o ABSOLUTE
    ..\..\Libraries\STM32H7xx_HAL_Driver\Src\stm32h7xx_hal_spdifrx.c 0x00000000   Number         0  stm32h7xx_hal_spdifrx.o ABSOLUTE
    ..\..\Libraries\STM32H7xx_HAL_Driver\Src\stm32h7xx_hal_spi.c 0x00000000   Number         0  stm32h7xx_hal_spi.o ABSOLUTE
    ..\..\Libraries\STM32H7xx_HAL_Driver\Src\stm32h7xx_hal_spi_ex.c 0x00000000   Number         0  stm32h7xx_hal_spi_ex.o ABSOLUTE
    ..\..\Libraries\STM32H7xx_HAL_Driver\Src\stm32h7xx_hal_sram.c 0x00000000   Number         0  stm32h7xx_hal_sram.o ABSOLUTE
    ..\..\Libraries\STM32H7xx_HAL_Driver\Src\stm32h7xx_hal_swpmi.c 0x00000000   Number         0  stm32h7xx_hal_swpmi.o ABSOLUTE
    ..\..\Libraries\STM32H7xx_HAL_Driver\Src\stm32h7xx_hal_tim.c 0x00000000   Number         0  stm32h7xx_hal_tim.o ABSOLUTE
    ..\..\Libraries\STM32H7xx_HAL_Driver\Src\stm32h7xx_hal_tim_ex.c 0x00000000   Number         0  stm32h7xx_hal_tim_ex.o ABSOLUTE
    ..\..\Libraries\STM32H7xx_HAL_Driver\Src\stm32h7xx_hal_uart.c 0x00000000   Number         0  stm32h7xx_hal_uart.o ABSOLUTE
    ..\..\Libraries\STM32H7xx_HAL_Driver\Src\stm32h7xx_hal_uart_ex.c 0x00000000   Number         0  stm32h7xx_hal_uart_ex.o ABSOLUTE
    ..\..\Libraries\STM32H7xx_HAL_Driver\Src\stm32h7xx_hal_usart.c 0x00000000   Number         0  stm32h7xx_hal_usart.o ABSOLUTE
    ..\..\Libraries\STM32H7xx_HAL_Driver\Src\stm32h7xx_hal_wwdg.c 0x00000000   Number         0  stm32h7xx_hal_wwdg.o ABSOLUTE
    ..\..\Libraries\STM32H7xx_HAL_Driver\Src\stm32h7xx_ll_delayblock.c 0x00000000   Number         0  stm32h7xx_ll_delayblock.o ABSOLUTE
    ..\..\Libraries\STM32H7xx_HAL_Driver\Src\stm32h7xx_ll_fmc.c 0x00000000   Number         0  stm32h7xx_ll_fmc.o ABSOLUTE
    ..\..\Libraries\STM32H7xx_HAL_Driver\Src\stm32h7xx_ll_sdmmc.c 0x00000000   Number         0  stm32h7xx_ll_sdmmc.o ABSOLUTE
    ..\..\Libraries\STM32H7xx_HAL_Driver\Src\stm32h7xx_ll_usb.c 0x00000000   Number         0  stm32h7xx_ll_usb.o ABSOLUTE
    ..\..\User\led\bsp_led.c                 0x00000000   Number         0  bsp_led.o ABSOLUTE
    ..\..\User\main.c                        0x00000000   Number         0  main.o ABSOLUTE
    ..\..\User\stm32h7xx_it.c                0x00000000   Number         0  stm32h7xx_it.o ABSOLUTE
    ..\..\User\usart\bsp_debug_usart.c       0x00000000   Number         0  bsp_debug_usart.o ABSOLUTE
    ..\\..\\FreeRTOS\\croutine.c             0x00000000   Number         0  croutine.o ABSOLUTE
    ..\\..\\FreeRTOS\\event_groups.c         0x00000000   Number         0  event_groups.o ABSOLUTE
    ..\\..\\FreeRTOS\\list.c                 0x00000000   Number         0  list.o ABSOLUTE
    ..\\..\\FreeRTOS\\portable\\MemMang\\heap_4.c 0x00000000   Number         0  heap_4.o ABSOLUTE
    ..\\..\\FreeRTOS\\portable\\RVDS\\ARM_CM7\\r0p1\\port.c 0x00000000   Number         0  port.o ABSOLUTE
    ..\\..\\FreeRTOS\\queue.c                0x00000000   Number         0  queue.o ABSOLUTE
    ..\\..\\FreeRTOS\\stream_buffer.c        0x00000000   Number         0  stream_buffer.o ABSOLUTE
    ..\\..\\FreeRTOS\\tasks.c                0x00000000   Number         0  tasks.o ABSOLUTE
    ..\\..\\FreeRTOS\\timers.c               0x00000000   Number         0  timers.o ABSOLUTE
    ..\\..\\Libraries\\CMSIS\\Device\\ST\\STM32H7xx\\Source\\Templates\\system_stm32h7xx.c 0x00000000   Number         0  system_stm32h7xx.o ABSOLUTE
    ..\\..\\Libraries\\STM32H7xx_HAL_Driver\\Src\\stm32h7xx_hal.c 0x00000000   Number         0  stm32h7xx_hal.o ABSOLUTE
    ..\\..\\Libraries\\STM32H7xx_HAL_Driver\\Src\\stm32h7xx_hal_adc.c 0x00000000   Number         0  stm32h7xx_hal_adc.o ABSOLUTE
    ..\\..\\Libraries\\STM32H7xx_HAL_Driver\\Src\\stm32h7xx_hal_adc_ex.c 0x00000000   Number         0  stm32h7xx_hal_adc_ex.o ABSOLUTE
    ..\\..\\Libraries\\STM32H7xx_HAL_Driver\\Src\\stm32h7xx_hal_cec.c 0x00000000   Number         0  stm32h7xx_hal_cec.o ABSOLUTE
    ..\\..\\Libraries\\STM32H7xx_HAL_Driver\\Src\\stm32h7xx_hal_comp.c 0x00000000   Number         0  stm32h7xx_hal_comp.o ABSOLUTE
    ..\\..\\Libraries\\STM32H7xx_HAL_Driver\\Src\\stm32h7xx_hal_cortex.c 0x00000000   Number         0  stm32h7xx_hal_cortex.o ABSOLUTE
    ..\\..\\Libraries\\STM32H7xx_HAL_Driver\\Src\\stm32h7xx_hal_crc.c 0x00000000   Number         0  stm32h7xx_hal_crc.o ABSOLUTE
    ..\\..\\Libraries\\STM32H7xx_HAL_Driver\\Src\\stm32h7xx_hal_crc_ex.c 0x00000000   Number         0  stm32h7xx_hal_crc_ex.o ABSOLUTE
    ..\\..\\Libraries\\STM32H7xx_HAL_Driver\\Src\\stm32h7xx_hal_cryp.c 0x00000000   Number         0  stm32h7xx_hal_cryp.o ABSOLUTE
    ..\\..\\Libraries\\STM32H7xx_HAL_Driver\\Src\\stm32h7xx_hal_cryp_ex.c 0x00000000   Number         0  stm32h7xx_hal_cryp_ex.o ABSOLUTE
    ..\\..\\Libraries\\STM32H7xx_HAL_Driver\\Src\\stm32h7xx_hal_dac.c 0x00000000   Number         0  stm32h7xx_hal_dac.o ABSOLUTE
    ..\\..\\Libraries\\STM32H7xx_HAL_Driver\\Src\\stm32h7xx_hal_dac_ex.c 0x00000000   Number         0  stm32h7xx_hal_dac_ex.o ABSOLUTE
    ..\\..\\Libraries\\STM32H7xx_HAL_Driver\\Src\\stm32h7xx_hal_dcmi.c 0x00000000   Number         0  stm32h7xx_hal_dcmi.o ABSOLUTE
    ..\\..\\Libraries\\STM32H7xx_HAL_Driver\\Src\\stm32h7xx_hal_dfsdm.c 0x00000000   Number         0  stm32h7xx_hal_dfsdm.o ABSOLUTE
    ..\\..\\Libraries\\STM32H7xx_HAL_Driver\\Src\\stm32h7xx_hal_dma.c 0x00000000   Number         0  stm32h7xx_hal_dma.o ABSOLUTE
    ..\\..\\Libraries\\STM32H7xx_HAL_Driver\\Src\\stm32h7xx_hal_dma2d.c 0x00000000   Number         0  stm32h7xx_hal_dma2d.o ABSOLUTE
    ..\\..\\Libraries\\STM32H7xx_HAL_Driver\\Src\\stm32h7xx_hal_dma_ex.c 0x00000000   Number         0  stm32h7xx_hal_dma_ex.o ABSOLUTE
    ..\\..\\Libraries\\STM32H7xx_HAL_Driver\\Src\\stm32h7xx_hal_eth.c 0x00000000   Number         0  stm32h7xx_hal_eth.o ABSOLUTE
    ..\\..\\Libraries\\STM32H7xx_HAL_Driver\\Src\\stm32h7xx_hal_eth_ex.c 0x00000000   Number         0  stm32h7xx_hal_eth_ex.o ABSOLUTE
    ..\\..\\Libraries\\STM32H7xx_HAL_Driver\\Src\\stm32h7xx_hal_fdcan.c 0x00000000   Number         0  stm32h7xx_hal_fdcan.o ABSOLUTE
    ..\\..\\Libraries\\STM32H7xx_HAL_Driver\\Src\\stm32h7xx_hal_flash.c 0x00000000   Number         0  stm32h7xx_hal_flash.o ABSOLUTE
    ..\\..\\Libraries\\STM32H7xx_HAL_Driver\\Src\\stm32h7xx_hal_flash_ex.c 0x00000000   Number         0  stm32h7xx_hal_flash_ex.o ABSOLUTE
    ..\\..\\Libraries\\STM32H7xx_HAL_Driver\\Src\\stm32h7xx_hal_gpio.c 0x00000000   Number         0  stm32h7xx_hal_gpio.o ABSOLUTE
    ..\\..\\Libraries\\STM32H7xx_HAL_Driver\\Src\\stm32h7xx_hal_hash.c 0x00000000   Number         0  stm32h7xx_hal_hash.o ABSOLUTE
    ..\\..\\Libraries\\STM32H7xx_HAL_Driver\\Src\\stm32h7xx_hal_hash_ex.c 0x00000000   Number         0  stm32h7xx_hal_hash_ex.o ABSOLUTE
    ..\\..\\Libraries\\STM32H7xx_HAL_Driver\\Src\\stm32h7xx_hal_hcd.c 0x00000000   Number         0  stm32h7xx_hal_hcd.o ABSOLUTE
    ..\\..\\Libraries\\STM32H7xx_HAL_Driver\\Src\\stm32h7xx_hal_hrtim.c 0x00000000   Number         0  stm32h7xx_hal_hrtim.o ABSOLUTE
    ..\\..\\Libraries\\STM32H7xx_HAL_Driver\\Src\\stm32h7xx_hal_hsem.c 0x00000000   Number         0  stm32h7xx_hal_hsem.o ABSOLUTE
    ..\\..\\Libraries\\STM32H7xx_HAL_Driver\\Src\\stm32h7xx_hal_i2c.c 0x00000000   Number         0  stm32h7xx_hal_i2c.o ABSOLUTE
    ..\\..\\Libraries\\STM32H7xx_HAL_Driver\\Src\\stm32h7xx_hal_i2c_ex.c 0x00000000   Number         0  stm32h7xx_hal_i2c_ex.o ABSOLUTE
    ..\\..\\Libraries\\STM32H7xx_HAL_Driver\\Src\\stm32h7xx_hal_i2s.c 0x00000000   Number         0  stm32h7xx_hal_i2s.o ABSOLUTE
    ..\\..\\Libraries\\STM32H7xx_HAL_Driver\\Src\\stm32h7xx_hal_i2s_ex.c 0x00000000   Number         0  stm32h7xx_hal_i2s_ex.o ABSOLUTE
    ..\\..\\Libraries\\STM32H7xx_HAL_Driver\\Src\\stm32h7xx_hal_irda.c 0x00000000   Number         0  stm32h7xx_hal_irda.o ABSOLUTE
    ..\\..\\Libraries\\STM32H7xx_HAL_Driver\\Src\\stm32h7xx_hal_iwdg.c 0x00000000   Number         0  stm32h7xx_hal_iwdg.o ABSOLUTE
    ..\\..\\Libraries\\STM32H7xx_HAL_Driver\\Src\\stm32h7xx_hal_jpeg.c 0x00000000   Number         0  stm32h7xx_hal_jpeg.o ABSOLUTE
    ..\\..\\Libraries\\STM32H7xx_HAL_Driver\\Src\\stm32h7xx_hal_lptim.c 0x00000000   Number         0  stm32h7xx_hal_lptim.o ABSOLUTE
    ..\\..\\Libraries\\STM32H7xx_HAL_Driver\\Src\\stm32h7xx_hal_ltdc.c 0x00000000   Number         0  stm32h7xx_hal_ltdc.o ABSOLUTE
    ..\\..\\Libraries\\STM32H7xx_HAL_Driver\\Src\\stm32h7xx_hal_mdios.c 0x00000000   Number         0  stm32h7xx_hal_mdios.o ABSOLUTE
    ..\\..\\Libraries\\STM32H7xx_HAL_Driver\\Src\\stm32h7xx_hal_mdma.c 0x00000000   Number         0  stm32h7xx_hal_mdma.o ABSOLUTE
    ..\\..\\Libraries\\STM32H7xx_HAL_Driver\\Src\\stm32h7xx_hal_mmc.c 0x00000000   Number         0  stm32h7xx_hal_mmc.o ABSOLUTE
    ..\\..\\Libraries\\STM32H7xx_HAL_Driver\\Src\\stm32h7xx_hal_mmc_ex.c 0x00000000   Number         0  stm32h7xx_hal_mmc_ex.o ABSOLUTE
    ..\\..\\Libraries\\STM32H7xx_HAL_Driver\\Src\\stm32h7xx_hal_nand.c 0x00000000   Number         0  stm32h7xx_hal_nand.o ABSOLUTE
    ..\\..\\Libraries\\STM32H7xx_HAL_Driver\\Src\\stm32h7xx_hal_nor.c 0x00000000   Number         0  stm32h7xx_hal_nor.o ABSOLUTE
    ..\\..\\Libraries\\STM32H7xx_HAL_Driver\\Src\\stm32h7xx_hal_opamp.c 0x00000000   Number         0  stm32h7xx_hal_opamp.o ABSOLUTE
    ..\\..\\Libraries\\STM32H7xx_HAL_Driver\\Src\\stm32h7xx_hal_opamp_ex.c 0x00000000   Number         0  stm32h7xx_hal_opamp_ex.o ABSOLUTE
    ..\\..\\Libraries\\STM32H7xx_HAL_Driver\\Src\\stm32h7xx_hal_pcd.c 0x00000000   Number         0  stm32h7xx_hal_pcd.o ABSOLUTE
    ..\\..\\Libraries\\STM32H7xx_HAL_Driver\\Src\\stm32h7xx_hal_pcd_ex.c 0x00000000   Number         0  stm32h7xx_hal_pcd_ex.o ABSOLUTE
    ..\\..\\Libraries\\STM32H7xx_HAL_Driver\\Src\\stm32h7xx_hal_pwr.c 0x00000000   Number         0  stm32h7xx_hal_pwr.o ABSOLUTE
    ..\\..\\Libraries\\STM32H7xx_HAL_Driver\\Src\\stm32h7xx_hal_pwr_ex.c 0x00000000   Number         0  stm32h7xx_hal_pwr_ex.o ABSOLUTE
    ..\\..\\Libraries\\STM32H7xx_HAL_Driver\\Src\\stm32h7xx_hal_qspi.c 0x00000000   Number         0  stm32h7xx_hal_qspi.o ABSOLUTE
    ..\\..\\Libraries\\STM32H7xx_HAL_Driver\\Src\\stm32h7xx_hal_rcc.c 0x00000000   Number         0  stm32h7xx_hal_rcc.o ABSOLUTE
    ..\\..\\Libraries\\STM32H7xx_HAL_Driver\\Src\\stm32h7xx_hal_rcc_ex.c 0x00000000   Number         0  stm32h7xx_hal_rcc_ex.o ABSOLUTE
    ..\\..\\Libraries\\STM32H7xx_HAL_Driver\\Src\\stm32h7xx_hal_rng.c 0x00000000   Number         0  stm32h7xx_hal_rng.o ABSOLUTE
    ..\\..\\Libraries\\STM32H7xx_HAL_Driver\\Src\\stm32h7xx_hal_rtc.c 0x00000000   Number         0  stm32h7xx_hal_rtc.o ABSOLUTE
    ..\\..\\Libraries\\STM32H7xx_HAL_Driver\\Src\\stm32h7xx_hal_rtc_ex.c 0x00000000   Number         0  stm32h7xx_hal_rtc_ex.o ABSOLUTE
    ..\\..\\Libraries\\STM32H7xx_HAL_Driver\\Src\\stm32h7xx_hal_sai.c 0x00000000   Number         0  stm32h7xx_hal_sai.o ABSOLUTE
    ..\\..\\Libraries\\STM32H7xx_HAL_Driver\\Src\\stm32h7xx_hal_sai_ex.c 0x00000000   Number         0  stm32h7xx_hal_sai_ex.o ABSOLUTE
    ..\\..\\Libraries\\STM32H7xx_HAL_Driver\\Src\\stm32h7xx_hal_sd.c 0x00000000   Number         0  stm32h7xx_hal_sd.o ABSOLUTE
    ..\\..\\Libraries\\STM32H7xx_HAL_Driver\\Src\\stm32h7xx_hal_sd_ex.c 0x00000000   Number         0  stm32h7xx_hal_sd_ex.o ABSOLUTE
    ..\\..\\Libraries\\STM32H7xx_HAL_Driver\\Src\\stm32h7xx_hal_sdram.c 0x00000000   Number         0  stm32h7xx_hal_sdram.o ABSOLUTE
    ..\\..\\Libraries\\STM32H7xx_HAL_Driver\\Src\\stm32h7xx_hal_smartcard.c 0x00000000   Number         0  stm32h7xx_hal_smartcard.o ABSOLUTE
    ..\\..\\Libraries\\STM32H7xx_HAL_Driver\\Src\\stm32h7xx_hal_smartcard_ex.c 0x00000000   Number         0  stm32h7xx_hal_smartcard_ex.o ABSOLUTE
    ..\\..\\Libraries\\STM32H7xx_HAL_Driver\\Src\\stm32h7xx_hal_smbus.c 0x00000000   Number         0  stm32h7xx_hal_smbus.o ABSOLUTE
    ..\\..\\Libraries\\STM32H7xx_HAL_Driver\\Src\\stm32h7xx_hal_spdifrx.c 0x00000000   Number         0  stm32h7xx_hal_spdifrx.o ABSOLUTE
    ..\\..\\Libraries\\STM32H7xx_HAL_Driver\\Src\\stm32h7xx_hal_spi.c 0x00000000   Number         0  stm32h7xx_hal_spi.o ABSOLUTE
    ..\\..\\Libraries\\STM32H7xx_HAL_Driver\\Src\\stm32h7xx_hal_spi_ex.c 0x00000000   Number         0  stm32h7xx_hal_spi_ex.o ABSOLUTE
    ..\\..\\Libraries\\STM32H7xx_HAL_Driver\\Src\\stm32h7xx_hal_sram.c 0x00000000   Number         0  stm32h7xx_hal_sram.o ABSOLUTE
    ..\\..\\Libraries\\STM32H7xx_HAL_Driver\\Src\\stm32h7xx_hal_swpmi.c 0x00000000   Number         0  stm32h7xx_hal_swpmi.o ABSOLUTE
    ..\\..\\Libraries\\STM32H7xx_HAL_Driver\\Src\\stm32h7xx_hal_tim.c 0x00000000   Number         0  stm32h7xx_hal_tim.o ABSOLUTE
    ..\\..\\Libraries\\STM32H7xx_HAL_Driver\\Src\\stm32h7xx_hal_tim_ex.c 0x00000000   Number         0  stm32h7xx_hal_tim_ex.o ABSOLUTE
    ..\\..\\Libraries\\STM32H7xx_HAL_Driver\\Src\\stm32h7xx_hal_uart.c 0x00000000   Number         0  stm32h7xx_hal_uart.o ABSOLUTE
    ..\\..\\Libraries\\STM32H7xx_HAL_Driver\\Src\\stm32h7xx_hal_uart_ex.c 0x00000000   Number         0  stm32h7xx_hal_uart_ex.o ABSOLUTE
    ..\\..\\Libraries\\STM32H7xx_HAL_Driver\\Src\\stm32h7xx_hal_usart.c 0x00000000   Number         0  stm32h7xx_hal_usart.o ABSOLUTE
    ..\\..\\Libraries\\STM32H7xx_HAL_Driver\\Src\\stm32h7xx_hal_wwdg.c 0x00000000   Number         0  stm32h7xx_hal_wwdg.o ABSOLUTE
    ..\\..\\Libraries\\STM32H7xx_HAL_Driver\\Src\\stm32h7xx_ll_delayblock.c 0x00000000   Number         0  stm32h7xx_ll_delayblock.o ABSOLUTE
    ..\\..\\Libraries\\STM32H7xx_HAL_Driver\\Src\\stm32h7xx_ll_fmc.c 0x00000000   Number         0  stm32h7xx_ll_fmc.o ABSOLUTE
    ..\\..\\Libraries\\STM32H7xx_HAL_Driver\\Src\\stm32h7xx_ll_sdmmc.c 0x00000000   Number         0  stm32h7xx_ll_sdmmc.o ABSOLUTE
    ..\\..\\Libraries\\STM32H7xx_HAL_Driver\\Src\\stm32h7xx_ll_usb.c 0x00000000   Number         0  stm32h7xx_ll_usb.o ABSOLUTE
    ..\\..\\User\\led\\bsp_led.c             0x00000000   Number         0  bsp_led.o ABSOLUTE
    ..\\..\\User\\main.c                     0x00000000   Number         0  main.o ABSOLUTE
    ..\\..\\User\\stm32h7xx_it.c             0x00000000   Number         0  stm32h7xx_it.o ABSOLUTE
    ..\\..\\User\\usart\\bsp_debug_usart.c   0x00000000   Number         0  bsp_debug_usart.o ABSOLUTE
    cdrcmple.s                               0x00000000   Number         0  cdrcmple.o ABSOLUTE
    dc.s                                     0x00000000   Number         0  dc.o ABSOLUTE
    handlers.s                               0x00000000   Number         0  handlers.o ABSOLUTE
    init.s                                   0x00000000   Number         0  init.o ABSOLUTE
    RESET                                    0x08000000   Section      664  startup_stm32h743xx.o(RESET)
    .ARM.Collect$$$$00000000                 0x08000298   Section        0  entry.o(.ARM.Collect$$$$00000000)
    .ARM.Collect$$$$00000001                 0x08000298   Section        4  entry2.o(.ARM.Collect$$$$00000001)
    .ARM.Collect$$$$00000004                 0x0800029c   Section        4  entry5.o(.ARM.Collect$$$$00000004)
    .ARM.Collect$$$$00000008                 0x080002a0   Section        0  entry7b.o(.ARM.Collect$$$$00000008)
    .ARM.Collect$$$$0000000A                 0x080002a0   Section        0  entry8b.o(.ARM.Collect$$$$0000000A)
    .ARM.Collect$$$$0000000B                 0x080002a0   Section        8  entry9a.o(.ARM.Collect$$$$0000000B)
    .ARM.Collect$$$$0000000D                 0x080002a8   Section        0  entry10a.o(.ARM.Collect$$$$0000000D)
    .ARM.Collect$$$$0000000F                 0x080002a8   Section        0  entry11a.o(.ARM.Collect$$$$0000000F)
    .ARM.Collect$$$$00002712                 0x080002a8   Section        4  entry2.o(.ARM.Collect$$$$00002712)
    __lit__00000000                          0x080002a8   Data           4  entry2.o(.ARM.Collect$$$$00002712)
    .emb_text                                0x080002ac   Section      194  port.o(.emb_text)
    $v0                                      0x080002ac   Number         0  port.o(.emb_text)
    .text                                    0x0800036e   Section        0  llushr.o(.text)
    .text                                    0x08000390   Section       36  init.o(.text)
    i.DEBUG_USART_Config                     0x080003b4   Section        0  bsp_debug_usart.o(i.DEBUG_USART_Config)
    i.DebugMon_Handler                       0x080004b0   Section        0  stm32h7xx_it.o(i.DebugMon_Handler)
    i.HAL_GPIO_Init                          0x080004b4   Section        0  stm32h7xx_hal_gpio.o(i.HAL_GPIO_Init)
    i.HAL_GPIO_WritePin                      0x08000700   Section        0  stm32h7xx_hal_gpio.o(i.HAL_GPIO_WritePin)
    i.HAL_RCCEx_GetD1SysClockFreq            0x0800070c   Section        0  stm32h7xx_hal_rcc_ex.o(i.HAL_RCCEx_GetD1SysClockFreq)
    i.HAL_RCCEx_GetPLL2ClockFreq             0x08000744   Section        0  stm32h7xx_hal_rcc_ex.o(i.HAL_RCCEx_GetPLL2ClockFreq)
    i.HAL_RCC_GetPCLK2Freq                   0x08000970   Section        0  stm32h7xx_hal_rcc.o(i.HAL_RCC_GetPCLK2Freq)
    i.HAL_UART_MspInit                       0x0800099c   Section        0  stm32h7xx_hal_uart.o(i.HAL_UART_MspInit)
    i.LED_Task                               0x080009a0   Section        0  main.o(i.LED_Task)
    LED_Task                                 0x080009a1   Thumb Code    52  main.o(i.LED_Task)
    i.MemManage_Handler                      0x08000a10   Section        0  stm32h7xx_it.o(i.MemManage_Handler)
    i.RCCEx_PLL3_Config                      0x08000a14   Section        0  stm32h7xx_hal_rcc_ex.o(i.RCCEx_PLL3_Config)
    RCCEx_PLL3_Config                        0x08000a15   Thumb Code   244  stm32h7xx_hal_rcc_ex.o(i.RCCEx_PLL3_Config)
    i.StartTask                              0x08000b0c   Section        0  main.o(i.StartTask)
    StartTask                                0x08000b0d   Thumb Code    62  main.o(i.StartTask)
    i.SystemCoreClockUpdate                  0x08000b78   Section        0  system_stm32h7xx.o(i.SystemCoreClockUpdate)
    i.UART_CheckIdleState                    0x08000d8c   Section        0  stm32h7xx_hal_uart.o(i.UART_CheckIdleState)
    i.UART_SetConfig                         0x08000e00   Section        0  stm32h7xx_hal_uart.o(i.UART_SetConfig)
    i.__NVIC_SetPriority                     0x080017a4   Section        0  stm32h7xx_hal_cortex.o(i.__NVIC_SetPriority)
    __NVIC_SetPriority                       0x080017a5   Thumb Code    32  stm32h7xx_hal_cortex.o(i.__NVIC_SetPriority)
    i.__scatterload_copy                     0x080017cc   Section       14  handlers.o(i.__scatterload_copy)
    i.__scatterload_null                     0x080017da   Section        2  handlers.o(i.__scatterload_null)
    i.__scatterload_zeroinit                 0x080017dc   Section       14  handlers.o(i.__scatterload_zeroinit)
    i.fputc                                  0x080017ec   Section        0  bsp_debug_usart.o(i.fputc)
    i.main                                   0x08001808   Section        0  main.o(i.main)
    i.prvAddCurrentTaskToDelayedList         0x080018a8   Section        0  tasks.o(i.prvAddCurrentTaskToDelayedList)
    prvAddCurrentTaskToDelayedList           0x080018a9   Thumb Code   124  tasks.o(i.prvAddCurrentTaskToDelayedList)
    i.prvAddNewTaskToReadyList               0x08001940   Section        0  tasks.o(i.prvAddNewTaskToReadyList)
    prvAddNewTaskToReadyList                 0x08001941   Thumb Code   150  tasks.o(i.prvAddNewTaskToReadyList)
    i.prvDeleteTCB                           0x080019f4   Section        0  tasks.o(i.prvDeleteTCB)
    prvDeleteTCB                             0x080019f5   Thumb Code    18  tasks.o(i.prvDeleteTCB)
    i.prvHeapInit                            0x08001a08   Section        0  heap_4.o(i.prvHeapInit)
    prvHeapInit                              0x08001a09   Thumb Code    98  heap_4.o(i.prvHeapInit)
    i.prvInitialiseNewTask                   0x08001a84   Section        0  tasks.o(i.prvInitialiseNewTask)
    prvInitialiseNewTask                     0x08001a85   Thumb Code   170  tasks.o(i.prvInitialiseNewTask)
    i.prvInsertBlockIntoFreeList             0x08001b58   Section        0  heap_4.o(i.prvInsertBlockIntoFreeList)
    prvInsertBlockIntoFreeList               0x08001b59   Thumb Code    96  heap_4.o(i.prvInsertBlockIntoFreeList)
    i.prvResetNextTaskUnblockTime            0x08001bc0   Section        0  tasks.o(i.prvResetNextTaskUnblockTime)
    prvResetNextTaskUnblockTime              0x08001bc1   Thumb Code    42  tasks.o(i.prvResetNextTaskUnblockTime)
    i.pvPortMalloc                           0x08001bf4   Section        0  heap_4.o(i.pvPortMalloc)
    i.pxPortInitialiseStack                  0x08001d58   Section        0  port.o(i.pxPortInitialiseStack)
    i.uxListRemove                           0x08001d84   Section        0  list.o(i.uxListRemove)
    i.vListInitialiseItem                    0x08001dac   Section        0  list.o(i.vListInitialiseItem)
    i.vListInsert                            0x08001db2   Section        0  list.o(i.vListInsert)
    i.vListInsertEnd                         0x08001de6   Section        0  list.o(i.vListInsertEnd)
    i.vPortEnterCritical                     0x08001e00   Section        0  port.o(i.vPortEnterCritical)
    i.vPortFree                              0x08001e94   Section        0  heap_4.o(i.vPortFree)
    i.vPortSetupTimerInterrupt               0x08001f60   Section        0  port.o(i.vPortSetupTimerInterrupt)
    i.vTaskDelay                             0x08001f88   Section        0  tasks.o(i.vTaskDelay)
    i.vTaskSuspendAll                        0x08002000   Section        0  tasks.o(i.vTaskSuspendAll)
    i.xTaskCreate                            0x08002010   Section        0  tasks.o(i.xTaskCreate)
    i.xTaskGetSchedulerState                 0x08002070   Section        0  tasks.o(i.xTaskGetSchedulerState)
    i.xTaskResumeAll                         0x08002090   Section        0  tasks.o(i.xTaskResumeAll)
    .constdata                               0x080021b4   Section       64  system_stm32h7xx.o(.constdata)
    UARTPrescTable                           0x080021b4   Data          24  system_stm32h7xx.o(.constdata)
    USARTPrescTable                          0x080021cc   Data          24  system_stm32h7xx.o(.constdata)
    .text                                    0x08100000   Section       36  startup_stm32h743xx.o(.text)
    $v0                                      0x08100000   Number         0  startup_stm32h743xx.o(.text)
    .text                                    0x08100024   Section        0  uldiv.o(.text)
    .text                                    0x08100086   Section        0  uidiv.o(.text)
    .text                                    0x081000b2   Section        0  llshl.o(.text)
    i.BusFault_Handler                       0x081000d0   Section        0  stm32h7xx_it.o(i.BusFault_Handler)
    i.HAL_GetTick                            0x081000d4   Section        0  stm32h7xx_hal.o(i.HAL_GetTick)
    i.HAL_NVIC_EnableIRQ                     0x081000e0   Section        0  stm32h7xx_hal_cortex.o(i.HAL_NVIC_EnableIRQ)
    i.HAL_NVIC_SetPriority                   0x08100100   Section        0  stm32h7xx_hal_cortex.o(i.HAL_NVIC_SetPriority)
    i.HAL_RCCEx_GetD3PCLK1Freq               0x0810017c   Section        0  stm32h7xx_hal_rcc_ex.o(i.HAL_RCCEx_GetD3PCLK1Freq)
    i.HAL_RCCEx_GetPLL3ClockFreq             0x081001a8   Section        0  stm32h7xx_hal_rcc_ex.o(i.HAL_RCCEx_GetPLL3ClockFreq)
    i.HAL_RCCEx_PeriphCLKConfig              0x081003d4   Section        0  stm32h7xx_hal_rcc_ex.o(i.HAL_RCCEx_PeriphCLKConfig)
    i.HAL_RCC_GetHCLKFreq                    0x0810105c   Section        0  stm32h7xx_hal_rcc.o(i.HAL_RCC_GetHCLKFreq)
    i.HAL_RCC_GetPCLK1Freq                   0x08101094   Section        0  stm32h7xx_hal_rcc.o(i.HAL_RCC_GetPCLK1Freq)
    i.HAL_RCC_GetSysClockFreq                0x081010c0   Section        0  stm32h7xx_hal_rcc.o(i.HAL_RCC_GetSysClockFreq)
    i.HAL_UART_Init                          0x08101304   Section        0  stm32h7xx_hal_uart.o(i.HAL_UART_Init)
    i.HAL_UART_Transmit                      0x0810137c   Section        0  stm32h7xx_hal_uart.o(i.HAL_UART_Transmit)
    i.HardFault_Handler                      0x08101442   Section        0  stm32h7xx_it.o(i.HardFault_Handler)
    i.LED1_Task                              0x08101448   Section        0  main.o(i.LED1_Task)
    LED1_Task                                0x08101449   Thumb Code    52  main.o(i.LED1_Task)
    i.LED_GPIO_Config                        0x081014b8   Section        0  bsp_led.o(i.LED_GPIO_Config)
    i.NMI_Handler                            0x08101574   Section        0  stm32h7xx_it.o(i.NMI_Handler)
    i.RCCEx_PLL2_Config                      0x08101578   Section        0  stm32h7xx_hal_rcc_ex.o(i.RCCEx_PLL2_Config)
    RCCEx_PLL2_Config                        0x08101579   Thumb Code   244  stm32h7xx_hal_rcc_ex.o(i.RCCEx_PLL2_Config)
    i.SysTick_Handler                        0x08101670   Section        0  stm32h7xx_it.o(i.SysTick_Handler)
    i.SystemInit                             0x08101680   Section        0  system_stm32h7xx.o(i.SystemInit)
    i.UART_AdvFeatureConfig                  0x08101714   Section        0  stm32h7xx_hal_uart.o(i.UART_AdvFeatureConfig)
    i.UART_WaitOnFlagUntilTimeout            0x081017fe   Section        0  stm32h7xx_hal_uart.o(i.UART_WaitOnFlagUntilTimeout)
    i.UsageFault_Handler                     0x0810186a   Section        0  stm32h7xx_it.o(i.UsageFault_Handler)
    i.__0printf$3                            0x08101870   Section        0  printf3.o(i.__0printf$3)
    i.__NVIC_GetPriorityGrouping             0x08101890   Section        0  stm32h7xx_hal_cortex.o(i.__NVIC_GetPriorityGrouping)
    __NVIC_GetPriorityGrouping               0x08101891   Thumb Code    10  stm32h7xx_hal_cortex.o(i.__NVIC_GetPriorityGrouping)
    i._printf_core                           0x081018a0   Section        0  printf3.o(i._printf_core)
    _printf_core                             0x081018a1   Thumb Code   436  printf3.o(i._printf_core)
    i.prvCheckTasksWaitingTermination        0x08101a58   Section        0  tasks.o(i.prvCheckTasksWaitingTermination)
    prvCheckTasksWaitingTermination          0x08101a59   Thumb Code    60  tasks.o(i.prvCheckTasksWaitingTermination)
    i.prvIdleTask                            0x08101aa0   Section        0  tasks.o(i.prvIdleTask)
    prvIdleTask                              0x08101aa1   Thumb Code    32  tasks.o(i.prvIdleTask)
    i.prvInitialiseTaskLists                 0x08101ac8   Section        0  tasks.o(i.prvInitialiseTaskLists)
    prvInitialiseTaskLists                   0x08101ac9   Thumb Code    70  tasks.o(i.prvInitialiseTaskLists)
    i.prvTaskExitError                       0x08101b30   Section        0  port.o(i.prvTaskExitError)
    prvTaskExitError                         0x08101b31   Thumb Code    52  port.o(i.prvTaskExitError)
    i.vListInitialise                        0x08101bac   Section        0  list.o(i.vListInitialise)
    i.vPortExitCritical                      0x08101bc8   Section        0  port.o(i.vPortExitCritical)
    i.vTaskDelete                            0x08101c40   Section        0  tasks.o(i.vTaskDelete)
    i.vTaskStartScheduler                    0x08101d50   Section        0  tasks.o(i.vTaskStartScheduler)
    i.vTaskSwitchContext                     0x08101dfc   Section        0  tasks.o(i.vTaskSwitchContext)
    i.xPortStartScheduler                    0x08101ea8   Section        0  port.o(i.xPortStartScheduler)
    i.xPortSysTickHandler                    0x08102004   Section        0  port.o(i.xPortSysTickHandler)
    i.xTaskIncrementTick                     0x0810203c   Section        0  tasks.o(i.xTaskIncrementTick)
    .constdata                               0x081021a0   Section       48  stm32h7xx_hal_uart.o(.constdata)
    UARTPrescTable                           0x081021a0   Data          24  stm32h7xx_hal_uart.o(.constdata)
    USARTPrescTable                          0x081021b8   Data          24  stm32h7xx_hal_uart.o(.constdata)
    .data                                    0x24000000   Section        8  system_stm32h7xx.o(.data)
    .data                                    0x24000008   Section        9  stm32h7xx_hal.o(.data)
    uwTick                                   0x24000008   Data           4  stm32h7xx_hal.o(.data)
    uwTickPrio                               0x2400000c   Data           4  stm32h7xx_hal.o(.data)
    uwTickFreq                               0x24000010   Data           1  stm32h7xx_hal.o(.data)
    .data                                    0x24000014   Section       12  main.o(.data)
    .data                                    0x24000020   Section       60  tasks.o(.data)
    pxDelayedTaskList                        0x24000024   Data           4  tasks.o(.data)
    pxOverflowDelayedTaskList                0x24000028   Data           4  tasks.o(.data)
    uxDeletedTasksWaitingCleanUp             0x2400002c   Data           4  tasks.o(.data)
    uxCurrentNumberOfTasks                   0x24000030   Data           4  tasks.o(.data)
    xTickCount                               0x24000034   Data           4  tasks.o(.data)
    uxTopReadyPriority                       0x24000038   Data           4  tasks.o(.data)
    xSchedulerRunning                        0x2400003c   Data           4  tasks.o(.data)
    xPendedTicks                             0x24000040   Data           4  tasks.o(.data)
    xYieldPending                            0x24000044   Data           4  tasks.o(.data)
    xNumOfOverflows                          0x24000048   Data           4  tasks.o(.data)
    uxTaskNumber                             0x2400004c   Data           4  tasks.o(.data)
    xNextTaskUnblockTime                     0x24000050   Data           4  tasks.o(.data)
    xIdleTaskHandle                          0x24000054   Data           4  tasks.o(.data)
    uxSchedulerSuspended                     0x24000058   Data           4  tasks.o(.data)
    .data                                    0x2400005c   Section       12  port.o(.data)
    uxCriticalNesting                        0x2400005c   Data           4  port.o(.data)
    ucMaxSysCallPriority                     0x24000060   Data           1  port.o(.data)
    ulMaxPRIGROUPValue                       0x24000064   Data           4  port.o(.data)
    .data                                    0x24000068   Section       32  heap_4.o(.data)
    xStart                                   0x24000068   Data           8  heap_4.o(.data)
    pxEnd                                    0x24000070   Data           4  heap_4.o(.data)
    xFreeBytesRemaining                      0x24000074   Data           4  heap_4.o(.data)
    xMinimumEverFreeBytesRemaining           0x24000078   Data           4  heap_4.o(.data)
    xNumberOfSuccessfulAllocations           0x2400007c   Data           4  heap_4.o(.data)
    xNumberOfSuccessfulFrees                 0x24000080   Data           4  heap_4.o(.data)
    xBlockAllocatedBit                       0x24000084   Data           4  heap_4.o(.data)
    .data                                    0x24000088   Section        4  stdout.o(.data)
    .bss                                     0x2400008c   Section      128  bsp_debug_usart.o(.bss)
    .bss                                     0x2400010c   Section      740  tasks.o(.bss)
    pxReadyTasksLists                        0x2400010c   Data         640  tasks.o(.bss)
    xDelayedTaskList1                        0x2400038c   Data          20  tasks.o(.bss)
    xDelayedTaskList2                        0x240003a0   Data          20  tasks.o(.bss)
    xPendingReadyList                        0x240003b4   Data          20  tasks.o(.bss)
    xTasksWaitingTermination                 0x240003c8   Data          20  tasks.o(.bss)
    xSuspendedTaskList                       0x240003dc   Data          20  tasks.o(.bss)
    .bss                                     0x240003f0   Section    36864  heap_4.o(.bss)
    ucHeap                                   0x240003f0   Data       36864  heap_4.o(.bss)
    STACK                                    0x240093f0   Section     1024  startup_stm32h743xx.o(STACK)

    Global Symbols

    Symbol Name                              Value     Ov Type        Size  Object(Section)

    BuildAttributes$$THM_ISAv4$E$P$D$K$B$S$7EM$VFPv5_D16$PE$PLD8$A:L22UL41UL21$X:L11$S22US41US21$IEEE1$IW$USESV6$~STKCKD$USESV7$~SHL$OSPACE$ROPI$EBA8$MICROLIB$REQ8$PRES8$EABIv2 0x00000000   Number         0  anon$$obj.o ABSOLUTE
    __ARM_use_no_argv                        0x00000000   Number         0  main.o ABSOLUTE
    _printf_a                                0x00000000   Number         0  stubs.o ABSOLUTE
    _printf_c                                0x00000000   Number         0  stubs.o ABSOLUTE
    _printf_charcount                        0x00000000   Number         0  stubs.o ABSOLUTE
    _printf_d                                0x00000000   Number         0  stubs.o ABSOLUTE
    _printf_e                                0x00000000   Number         0  stubs.o ABSOLUTE
    _printf_f                                0x00000000   Number         0  stubs.o ABSOLUTE
    _printf_flags                            0x00000000   Number         0  stubs.o ABSOLUTE
    _printf_fp_dec                           0x00000000   Number         0  stubs.o ABSOLUTE
    _printf_fp_hex                           0x00000000   Number         0  stubs.o ABSOLUTE
    _printf_g                                0x00000000   Number         0  stubs.o ABSOLUTE
    _printf_i                                0x00000000   Number         0  stubs.o ABSOLUTE
    _printf_int_dec                          0x00000000   Number         0  stubs.o ABSOLUTE
    _printf_l                                0x00000000   Number         0  stubs.o ABSOLUTE
    _printf_lc                               0x00000000   Number         0  stubs.o ABSOLUTE
    _printf_ll                               0x00000000   Number         0  stubs.o ABSOLUTE
    _printf_lld                              0x00000000   Number         0  stubs.o ABSOLUTE
    _printf_lli                              0x00000000   Number         0  stubs.o ABSOLUTE
    _printf_llo                              0x00000000   Number         0  stubs.o ABSOLUTE
    _printf_llu                              0x00000000   Number         0  stubs.o ABSOLUTE
    _printf_llx                              0x00000000   Number         0  stubs.o ABSOLUTE
    _printf_longlong_dec                     0x00000000   Number         0  stubs.o ABSOLUTE
    _printf_longlong_hex                     0x00000000   Number         0  stubs.o ABSOLUTE
    _printf_longlong_oct                     0x00000000   Number         0  stubs.o ABSOLUTE
    _printf_ls                               0x00000000   Number         0  stubs.o ABSOLUTE
    _printf_mbtowc                           0x00000000   Number         0  stubs.o ABSOLUTE
    _printf_n                                0x00000000   Number         0  stubs.o ABSOLUTE
    _printf_o                                0x00000000   Number         0  stubs.o ABSOLUTE
    _printf_p                                0x00000000   Number         0  stubs.o ABSOLUTE
    _printf_percent                          0x00000000   Number         0  stubs.o ABSOLUTE
    _printf_pre_padding                      0x00000000   Number         0  stubs.o ABSOLUTE
    _printf_return_value                     0x00000000   Number         0  stubs.o ABSOLUTE
    _printf_s                                0x00000000   Number         0  stubs.o ABSOLUTE
    _printf_sizespec                         0x00000000   Number         0  stubs.o ABSOLUTE
    _printf_str                              0x00000000   Number         0  stubs.o ABSOLUTE
    _printf_truncate_signed                  0x00000000   Number         0  stubs.o ABSOLUTE
    _printf_truncate_unsigned                0x00000000   Number         0  stubs.o ABSOLUTE
    _printf_u                                0x00000000   Number         0  stubs.o ABSOLUTE
    _printf_wc                               0x00000000   Number         0  stubs.o ABSOLUTE
    _printf_wctomb                           0x00000000   Number         0  stubs.o ABSOLUTE
    _printf_widthprec                        0x00000000   Number         0  stubs.o ABSOLUTE
    _printf_x                                0x00000000   Number         0  stubs.o ABSOLUTE
    __cpp_initialize__aeabi_                  - Undefined Weak Reference
    __cxa_finalize                            - Undefined Weak Reference
    __decompress                              - Undefined Weak Reference
    _clock_init                               - Undefined Weak Reference
    _microlib_exit                            - Undefined Weak Reference
    __Vectors_Size                           0x00000298   Number         0  startup_stm32h743xx.o ABSOLUTE
    __Vectors                                0x08000000   Data           4  startup_stm32h743xx.o(RESET)
    __Vectors_End                            0x08000298   Data           0  startup_stm32h743xx.o(RESET)
    __main                                   0x08000299   Thumb Code     0  entry.o(.ARM.Collect$$$$00000000)
    _main_stk                                0x08000299   Thumb Code     0  entry2.o(.ARM.Collect$$$$00000001)
    _main_scatterload                        0x0800029d   Thumb Code     0  entry5.o(.ARM.Collect$$$$00000004)
    __main_after_scatterload                 0x080002a1   Thumb Code     0  entry5.o(.ARM.Collect$$$$00000004)
    _main_clock                              0x080002a1   Thumb Code     0  entry7b.o(.ARM.Collect$$$$00000008)
    _main_cpp_init                           0x080002a1   Thumb Code     0  entry8b.o(.ARM.Collect$$$$0000000A)
    _main_init                               0x080002a1   Thumb Code     0  entry9a.o(.ARM.Collect$$$$0000000B)
    __rt_final_cpp                           0x080002a9   Thumb Code     0  entry10a.o(.ARM.Collect$$$$0000000D)
    __rt_final_exit                          0x080002a9   Thumb Code     0  entry11a.o(.ARM.Collect$$$$0000000F)
    SVC_Handler                              0x080002ad   Thumb Code    28  port.o(.emb_text)
    __asm___6_port_c_39a90d8d__prvStartFirstTask 0x080002cd   Thumb Code    36  port.o(.emb_text)
    __asm___6_port_c_39a90d8d__prvEnableVFP  0x080002f5   Thumb Code    16  port.o(.emb_text)
    PendSV_Handler                           0x08000309   Thumb Code    92  port.o(.emb_text)
    vPortGetIPSR                             0x08000369   Thumb Code     6  port.o(.emb_text)
    __aeabi_llsr                             0x0800036f   Thumb Code    32  llushr.o(.text)
    _ll_ushift_r                             0x0800036f   Thumb Code     0  llushr.o(.text)
    __scatterload                            0x08000391   Thumb Code    28  init.o(.text)
    __scatterload_rt2                        0x08000391   Thumb Code     0  init.o(.text)
    DEBUG_USART_Config                       0x080003b5   Thumb Code   234  bsp_debug_usart.o(i.DEBUG_USART_Config)
    DebugMon_Handler                         0x080004b1   Thumb Code     2  stm32h7xx_it.o(i.DebugMon_Handler)
    HAL_GPIO_Init                            0x080004b5   Thumb Code   534  stm32h7xx_hal_gpio.o(i.HAL_GPIO_Init)
    HAL_GPIO_WritePin                        0x08000701   Thumb Code    10  stm32h7xx_hal_gpio.o(i.HAL_GPIO_WritePin)
    HAL_RCCEx_GetD1SysClockFreq              0x0800070d   Thumb Code    44  stm32h7xx_hal_rcc_ex.o(i.HAL_RCCEx_GetD1SysClockFreq)
    HAL_RCCEx_GetPLL2ClockFreq               0x08000745   Thumb Code   532  stm32h7xx_hal_rcc_ex.o(i.HAL_RCCEx_GetPLL2ClockFreq)
    HAL_RCC_GetPCLK2Freq                     0x08000971   Thumb Code    36  stm32h7xx_hal_rcc.o(i.HAL_RCC_GetPCLK2Freq)
    HAL_UART_MspInit                         0x0800099d   Thumb Code     2  stm32h7xx_hal_uart.o(i.HAL_UART_MspInit)
    MemManage_Handler                        0x08000a11   Thumb Code     4  stm32h7xx_it.o(i.MemManage_Handler)
    SystemCoreClockUpdate                    0x08000b79   Thumb Code   500  system_stm32h7xx.o(i.SystemCoreClockUpdate)
    UART_CheckIdleState                      0x08000d8d   Thumb Code   116  stm32h7xx_hal_uart.o(i.UART_CheckIdleState)
    UART_SetConfig                           0x08000e01   Thumb Code  2452  stm32h7xx_hal_uart.o(i.UART_SetConfig)
    __scatterload_copy                       0x080017cd   Thumb Code    14  handlers.o(i.__scatterload_copy)
    __scatterload_null                       0x080017db   Thumb Code     2  handlers.o(i.__scatterload_null)
    __scatterload_zeroinit                   0x080017dd   Thumb Code    14  handlers.o(i.__scatterload_zeroinit)
    fputc                                    0x080017ed   Thumb Code    22  bsp_debug_usart.o(i.fputc)
    main                                     0x08001809   Thumb Code   128  main.o(i.main)
    pvPortMalloc                             0x08001bf5   Thumb Code   272  heap_4.o(i.pvPortMalloc)
    pxPortInitialiseStack                    0x08001d59   Thumb Code    38  port.o(i.pxPortInitialiseStack)
    uxListRemove                             0x08001d85   Thumb Code    40  list.o(i.uxListRemove)
    vListInitialiseItem                      0x08001dad   Thumb Code     6  list.o(i.vListInitialiseItem)
    vListInsert                              0x08001db3   Thumb Code    52  list.o(i.vListInsert)
    vListInsertEnd                           0x08001de7   Thumb Code    24  list.o(i.vListInsertEnd)
    vPortEnterCritical                       0x08001e01   Thumb Code    72  port.o(i.vPortEnterCritical)
    vPortFree                                0x08001e95   Thumb Code   130  heap_4.o(i.vPortFree)
    vPortSetupTimerInterrupt                 0x08001f61   Thumb Code    36  port.o(i.vPortSetupTimerInterrupt)
    vTaskDelay                               0x08001f89   Thumb Code    72  tasks.o(i.vTaskDelay)
    vTaskSuspendAll                          0x08002001   Thumb Code    12  tasks.o(i.vTaskSuspendAll)
    xTaskCreate                              0x08002011   Thumb Code    96  tasks.o(i.xTaskCreate)
    xTaskGetSchedulerState                   0x08002071   Thumb Code    24  tasks.o(i.xTaskGetSchedulerState)
    xTaskResumeAll                           0x08002091   Thumb Code   214  tasks.o(i.xTaskResumeAll)
    D1CorePrescTable                         0x080021e4   Data          16  system_stm32h7xx.o(.constdata)
    Region$$Table$$Base                      0x080021f4   Number         0  anon$$obj.o(Region$$Table)
    Region$$Table$$Limit                     0x08002214   Number         0  anon$$obj.o(Region$$Table)
    Reset_Handler                            0x08100001   Thumb Code     8  startup_stm32h743xx.o(.text)
    ADC3_IRQHandler                          0x0810001b   Thumb Code     0  startup_stm32h743xx.o(.text)
    ADC_IRQHandler                           0x0810001b   Thumb Code     0  startup_stm32h743xx.o(.text)
    BDMA_Channel0_IRQHandler                 0x0810001b   Thumb Code     0  startup_stm32h743xx.o(.text)
    BDMA_Channel1_IRQHandler                 0x0810001b   Thumb Code     0  startup_stm32h743xx.o(.text)
    BDMA_Channel2_IRQHandler                 0x0810001b   Thumb Code     0  startup_stm32h743xx.o(.text)
    BDMA_Channel3_IRQHandler                 0x0810001b   Thumb Code     0  startup_stm32h743xx.o(.text)
    BDMA_Channel4_IRQHandler                 0x0810001b   Thumb Code     0  startup_stm32h743xx.o(.text)
    BDMA_Channel5_IRQHandler                 0x0810001b   Thumb Code     0  startup_stm32h743xx.o(.text)
    BDMA_Channel6_IRQHandler                 0x0810001b   Thumb Code     0  startup_stm32h743xx.o(.text)
    BDMA_Channel7_IRQHandler                 0x0810001b   Thumb Code     0  startup_stm32h743xx.o(.text)
    CEC_IRQHandler                           0x0810001b   Thumb Code     0  startup_stm32h743xx.o(.text)
    COMP1_IRQHandler                         0x0810001b   Thumb Code     0  startup_stm32h743xx.o(.text)
    CRS_IRQHandler                           0x0810001b   Thumb Code     0  startup_stm32h743xx.o(.text)
    DCMI_IRQHandler                          0x0810001b   Thumb Code     0  startup_stm32h743xx.o(.text)
    DFSDM1_FLT0_IRQHandler                   0x0810001b   Thumb Code     0  startup_stm32h743xx.o(.text)
    DFSDM1_FLT1_IRQHandler                   0x0810001b   Thumb Code     0  startup_stm32h743xx.o(.text)
    DFSDM1_FLT2_IRQHandler                   0x0810001b   Thumb Code     0  startup_stm32h743xx.o(.text)
    DFSDM1_FLT3_IRQHandler                   0x0810001b   Thumb Code     0  startup_stm32h743xx.o(.text)
    DMA1_Stream0_IRQHandler                  0x0810001b   Thumb Code     0  startup_stm32h743xx.o(.text)
    DMA1_Stream1_IRQHandler                  0x0810001b   Thumb Code     0  startup_stm32h743xx.o(.text)
    DMA1_Stream2_IRQHandler                  0x0810001b   Thumb Code     0  startup_stm32h743xx.o(.text)
    DMA1_Stream3_IRQHandler                  0x0810001b   Thumb Code     0  startup_stm32h743xx.o(.text)
    DMA1_Stream4_IRQHandler                  0x0810001b   Thumb Code     0  startup_stm32h743xx.o(.text)
    DMA1_Stream5_IRQHandler                  0x0810001b   Thumb Code     0  startup_stm32h743xx.o(.text)
    DMA1_Stream6_IRQHandler                  0x0810001b   Thumb Code     0  startup_stm32h743xx.o(.text)
    DMA1_Stream7_IRQHandler                  0x0810001b   Thumb Code     0  startup_stm32h743xx.o(.text)
    DMA2D_IRQHandler                         0x0810001b   Thumb Code     0  startup_stm32h743xx.o(.text)
    DMA2_Stream0_IRQHandler                  0x0810001b   Thumb Code     0  startup_stm32h743xx.o(.text)
    DMA2_Stream1_IRQHandler                  0x0810001b   Thumb Code     0  startup_stm32h743xx.o(.text)
    DMA2_Stream2_IRQHandler                  0x0810001b   Thumb Code     0  startup_stm32h743xx.o(.text)
    DMA2_Stream3_IRQHandler                  0x0810001b   Thumb Code     0  startup_stm32h743xx.o(.text)
    DMA2_Stream4_IRQHandler                  0x0810001b   Thumb Code     0  startup_stm32h743xx.o(.text)
    DMA2_Stream5_IRQHandler                  0x0810001b   Thumb Code     0  startup_stm32h743xx.o(.text)
    DMA2_Stream6_IRQHandler                  0x0810001b   Thumb Code     0  startup_stm32h743xx.o(.text)
    DMA2_Stream7_IRQHandler                  0x0810001b   Thumb Code     0  startup_stm32h743xx.o(.text)
    DMAMUX1_OVR_IRQHandler                   0x0810001b   Thumb Code     0  startup_stm32h743xx.o(.text)
    DMAMUX2_OVR_IRQHandler                   0x0810001b   Thumb Code     0  startup_stm32h743xx.o(.text)
    ETH_IRQHandler                           0x0810001b   Thumb Code     0  startup_stm32h743xx.o(.text)
    ETH_WKUP_IRQHandler                      0x0810001b   Thumb Code     0  startup_stm32h743xx.o(.text)
    EXTI0_IRQHandler                         0x0810001b   Thumb Code     0  startup_stm32h743xx.o(.text)
    EXTI15_10_IRQHandler                     0x0810001b   Thumb Code     0  startup_stm32h743xx.o(.text)
    EXTI1_IRQHandler                         0x0810001b   Thumb Code     0  startup_stm32h743xx.o(.text)
    EXTI2_IRQHandler                         0x0810001b   Thumb Code     0  startup_stm32h743xx.o(.text)
    EXTI3_IRQHandler                         0x0810001b   Thumb Code     0  startup_stm32h743xx.o(.text)
    EXTI4_IRQHandler                         0x0810001b   Thumb Code     0  startup_stm32h743xx.o(.text)
    EXTI9_5_IRQHandler                       0x0810001b   Thumb Code     0  startup_stm32h743xx.o(.text)
    FDCAN1_IT0_IRQHandler                    0x0810001b   Thumb Code     0  startup_stm32h743xx.o(.text)
    FDCAN1_IT1_IRQHandler                    0x0810001b   Thumb Code     0  startup_stm32h743xx.o(.text)
    FDCAN2_IT0_IRQHandler                    0x0810001b   Thumb Code     0  startup_stm32h743xx.o(.text)
    FDCAN2_IT1_IRQHandler                    0x0810001b   Thumb Code     0  startup_stm32h743xx.o(.text)
    FDCAN_CAL_IRQHandler                     0x0810001b   Thumb Code     0  startup_stm32h743xx.o(.text)
    FLASH_IRQHandler                         0x0810001b   Thumb Code     0  startup_stm32h743xx.o(.text)
    FMC_IRQHandler                           0x0810001b   Thumb Code     0  startup_stm32h743xx.o(.text)
    FPU_IRQHandler                           0x0810001b   Thumb Code     0  startup_stm32h743xx.o(.text)
    HRTIM1_FLT_IRQHandler                    0x0810001b   Thumb Code     0  startup_stm32h743xx.o(.text)
    HRTIM1_Master_IRQHandler                 0x0810001b   Thumb Code     0  startup_stm32h743xx.o(.text)
    HRTIM1_TIMA_IRQHandler                   0x0810001b   Thumb Code     0  startup_stm32h743xx.o(.text)
    HRTIM1_TIMB_IRQHandler                   0x0810001b   Thumb Code     0  startup_stm32h743xx.o(.text)
    HRTIM1_TIMC_IRQHandler                   0x0810001b   Thumb Code     0  startup_stm32h743xx.o(.text)
    HRTIM1_TIMD_IRQHandler                   0x0810001b   Thumb Code     0  startup_stm32h743xx.o(.text)
    HRTIM1_TIME_IRQHandler                   0x0810001b   Thumb Code     0  startup_stm32h743xx.o(.text)
    HSEM1_IRQHandler                         0x0810001b   Thumb Code     0  startup_stm32h743xx.o(.text)
    I2C1_ER_IRQHandler                       0x0810001b   Thumb Code     0  startup_stm32h743xx.o(.text)
    I2C1_EV_IRQHandler                       0x0810001b   Thumb Code     0  startup_stm32h743xx.o(.text)
    I2C2_ER_IRQHandler                       0x0810001b   Thumb Code     0  startup_stm32h743xx.o(.text)
    I2C2_EV_IRQHandler                       0x0810001b   Thumb Code     0  startup_stm32h743xx.o(.text)
    I2C3_ER_IRQHandler                       0x0810001b   Thumb Code     0  startup_stm32h743xx.o(.text)
    I2C3_EV_IRQHandler                       0x0810001b   Thumb Code     0  startup_stm32h743xx.o(.text)
    I2C4_ER_IRQHandler                       0x0810001b   Thumb Code     0  startup_stm32h743xx.o(.text)
    I2C4_EV_IRQHandler                       0x0810001b   Thumb Code     0  startup_stm32h743xx.o(.text)
    JPEG_IRQHandler                          0x0810001b   Thumb Code     0  startup_stm32h743xx.o(.text)
    LPTIM1_IRQHandler                        0x0810001b   Thumb Code     0  startup_stm32h743xx.o(.text)
    LPTIM2_IRQHandler                        0x0810001b   Thumb Code     0  startup_stm32h743xx.o(.text)
    LPTIM3_IRQHandler                        0x0810001b   Thumb Code     0  startup_stm32h743xx.o(.text)
    LPTIM4_IRQHandler                        0x0810001b   Thumb Code     0  startup_stm32h743xx.o(.text)
    LPTIM5_IRQHandler                        0x0810001b   Thumb Code     0  startup_stm32h743xx.o(.text)
    LPUART1_IRQHandler                       0x0810001b   Thumb Code     0  startup_stm32h743xx.o(.text)
    LTDC_ER_IRQHandler                       0x0810001b   Thumb Code     0  startup_stm32h743xx.o(.text)
    LTDC_IRQHandler                          0x0810001b   Thumb Code     0  startup_stm32h743xx.o(.text)
    MDIOS_IRQHandler                         0x0810001b   Thumb Code     0  startup_stm32h743xx.o(.text)
    MDIOS_WKUP_IRQHandler                    0x0810001b   Thumb Code     0  startup_stm32h743xx.o(.text)
    MDMA_IRQHandler                          0x0810001b   Thumb Code     0  startup_stm32h743xx.o(.text)
    OTG_FS_EP1_IN_IRQHandler                 0x0810001b   Thumb Code     0  startup_stm32h743xx.o(.text)
    OTG_FS_EP1_OUT_IRQHandler                0x0810001b   Thumb Code     0  startup_stm32h743xx.o(.text)
    OTG_FS_IRQHandler                        0x0810001b   Thumb Code     0  startup_stm32h743xx.o(.text)
    OTG_FS_WKUP_IRQHandler                   0x0810001b   Thumb Code     0  startup_stm32h743xx.o(.text)
    OTG_HS_EP1_IN_IRQHandler                 0x0810001b   Thumb Code     0  startup_stm32h743xx.o(.text)
    OTG_HS_EP1_OUT_IRQHandler                0x0810001b   Thumb Code     0  startup_stm32h743xx.o(.text)
    OTG_HS_IRQHandler                        0x0810001b   Thumb Code     0  startup_stm32h743xx.o(.text)
    OTG_HS_WKUP_IRQHandler                   0x0810001b   Thumb Code     0  startup_stm32h743xx.o(.text)
    PVD_AVD_IRQHandler                       0x0810001b   Thumb Code     0  startup_stm32h743xx.o(.text)
    QUADSPI_IRQHandler                       0x0810001b   Thumb Code     0  startup_stm32h743xx.o(.text)
    RCC_IRQHandler                           0x0810001b   Thumb Code     0  startup_stm32h743xx.o(.text)
    RNG_IRQHandler                           0x0810001b   Thumb Code     0  startup_stm32h743xx.o(.text)
    RTC_Alarm_IRQHandler                     0x0810001b   Thumb Code     0  startup_stm32h743xx.o(.text)
    RTC_WKUP_IRQHandler                      0x0810001b   Thumb Code     0  startup_stm32h743xx.o(.text)
    SAI1_IRQHandler                          0x0810001b   Thumb Code     0  startup_stm32h743xx.o(.text)
    SAI2_IRQHandler                          0x0810001b   Thumb Code     0  startup_stm32h743xx.o(.text)
    SAI3_IRQHandler                          0x0810001b   Thumb Code     0  startup_stm32h743xx.o(.text)
    SAI4_IRQHandler                          0x0810001b   Thumb Code     0  startup_stm32h743xx.o(.text)
    SDMMC1_IRQHandler                        0x0810001b   Thumb Code     0  startup_stm32h743xx.o(.text)
    SDMMC2_IRQHandler                        0x0810001b   Thumb Code     0  startup_stm32h743xx.o(.text)
    SPDIF_RX_IRQHandler                      0x0810001b   Thumb Code     0  startup_stm32h743xx.o(.text)
    SPI1_IRQHandler                          0x0810001b   Thumb Code     0  startup_stm32h743xx.o(.text)
    SPI2_IRQHandler                          0x0810001b   Thumb Code     0  startup_stm32h743xx.o(.text)
    SPI3_IRQHandler                          0x0810001b   Thumb Code     0  startup_stm32h743xx.o(.text)
    SPI4_IRQHandler                          0x0810001b   Thumb Code     0  startup_stm32h743xx.o(.text)
    SPI5_IRQHandler                          0x0810001b   Thumb Code     0  startup_stm32h743xx.o(.text)
    SPI6_IRQHandler                          0x0810001b   Thumb Code     0  startup_stm32h743xx.o(.text)
    SWPMI1_IRQHandler                        0x0810001b   Thumb Code     0  startup_stm32h743xx.o(.text)
    TAMP_STAMP_IRQHandler                    0x0810001b   Thumb Code     0  startup_stm32h743xx.o(.text)
    TIM15_IRQHandler                         0x0810001b   Thumb Code     0  startup_stm32h743xx.o(.text)
    TIM16_IRQHandler                         0x0810001b   Thumb Code     0  startup_stm32h743xx.o(.text)
    TIM17_IRQHandler                         0x0810001b   Thumb Code     0  startup_stm32h743xx.o(.text)
    TIM1_BRK_IRQHandler                      0x0810001b   Thumb Code     0  startup_stm32h743xx.o(.text)
    TIM1_CC_IRQHandler                       0x0810001b   Thumb Code     0  startup_stm32h743xx.o(.text)
    TIM1_TRG_COM_IRQHandler                  0x0810001b   Thumb Code     0  startup_stm32h743xx.o(.text)
    TIM1_UP_IRQHandler                       0x0810001b   Thumb Code     0  startup_stm32h743xx.o(.text)
    TIM2_IRQHandler                          0x0810001b   Thumb Code     0  startup_stm32h743xx.o(.text)
    TIM3_IRQHandler                          0x0810001b   Thumb Code     0  startup_stm32h743xx.o(.text)
    TIM4_IRQHandler                          0x0810001b   Thumb Code     0  startup_stm32h743xx.o(.text)
    TIM5_IRQHandler                          0x0810001b   Thumb Code     0  startup_stm32h743xx.o(.text)
    TIM6_DAC_IRQHandler                      0x0810001b   Thumb Code     0  startup_stm32h743xx.o(.text)
    TIM7_IRQHandler                          0x0810001b   Thumb Code     0  startup_stm32h743xx.o(.text)
    TIM8_BRK_TIM12_IRQHandler                0x0810001b   Thumb Code     0  startup_stm32h743xx.o(.text)
    TIM8_CC_IRQHandler                       0x0810001b   Thumb Code     0  startup_stm32h743xx.o(.text)
    TIM8_TRG_COM_TIM14_IRQHandler            0x0810001b   Thumb Code     0  startup_stm32h743xx.o(.text)
    TIM8_UP_TIM13_IRQHandler                 0x0810001b   Thumb Code     0  startup_stm32h743xx.o(.text)
    UART4_IRQHandler                         0x0810001b   Thumb Code     0  startup_stm32h743xx.o(.text)
    UART5_IRQHandler                         0x0810001b   Thumb Code     0  startup_stm32h743xx.o(.text)
    UART7_IRQHandler                         0x0810001b   Thumb Code     0  startup_stm32h743xx.o(.text)
    UART8_IRQHandler                         0x0810001b   Thumb Code     0  startup_stm32h743xx.o(.text)
    USART1_IRQHandler                        0x0810001b   Thumb Code     0  startup_stm32h743xx.o(.text)
    USART2_IRQHandler                        0x0810001b   Thumb Code     0  startup_stm32h743xx.o(.text)
    USART3_IRQHandler                        0x0810001b   Thumb Code     0  startup_stm32h743xx.o(.text)
    USART6_IRQHandler                        0x0810001b   Thumb Code     0  startup_stm32h743xx.o(.text)
    WAKEUP_PIN_IRQHandler                    0x0810001b   Thumb Code     0  startup_stm32h743xx.o(.text)
    WWDG_IRQHandler                          0x0810001b   Thumb Code     0  startup_stm32h743xx.o(.text)
    __aeabi_uldivmod                         0x08100025   Thumb Code    98  uldiv.o(.text)
    __aeabi_uidiv                            0x08100087   Thumb Code     0  uidiv.o(.text)
    __aeabi_uidivmod                         0x08100087   Thumb Code    44  uidiv.o(.text)
    __aeabi_llsl                             0x081000b3   Thumb Code    30  llshl.o(.text)
    _ll_shift_l                              0x081000b3   Thumb Code     0  llshl.o(.text)
    BusFault_Handler                         0x081000d1   Thumb Code     4  stm32h7xx_it.o(i.BusFault_Handler)
    HAL_GetTick                              0x081000d5   Thumb Code     6  stm32h7xx_hal.o(i.HAL_GetTick)
    HAL_NVIC_EnableIRQ                       0x081000e1   Thumb Code    32  stm32h7xx_hal_cortex.o(i.HAL_NVIC_EnableIRQ)
    HAL_NVIC_SetPriority                     0x08100101   Thumb Code   124  stm32h7xx_hal_cortex.o(i.HAL_NVIC_SetPriority)
    HAL_RCCEx_GetD3PCLK1Freq                 0x0810017d   Thumb Code    34  stm32h7xx_hal_rcc_ex.o(i.HAL_RCCEx_GetD3PCLK1Freq)
    HAL_RCCEx_GetPLL3ClockFreq               0x081001a9   Thumb Code   532  stm32h7xx_hal_rcc_ex.o(i.HAL_RCCEx_GetPLL3ClockFreq)
    HAL_RCCEx_PeriphCLKConfig                0x081003d5   Thumb Code  3204  stm32h7xx_hal_rcc_ex.o(i.HAL_RCCEx_PeriphCLKConfig)
    HAL_RCC_GetHCLKFreq                      0x0810105d   Thumb Code    42  stm32h7xx_hal_rcc.o(i.HAL_RCC_GetHCLKFreq)
    HAL_RCC_GetPCLK1Freq                     0x08101095   Thumb Code    34  stm32h7xx_hal_rcc.o(i.HAL_RCC_GetPCLK1Freq)
    HAL_RCC_GetSysClockFreq                  0x081010c1   Thumb Code   556  stm32h7xx_hal_rcc.o(i.HAL_RCC_GetSysClockFreq)
    HAL_UART_Init                            0x08101305   Thumb Code   120  stm32h7xx_hal_uart.o(i.HAL_UART_Init)
    HAL_UART_Transmit                        0x0810137d   Thumb Code   198  stm32h7xx_hal_uart.o(i.HAL_UART_Transmit)
    HardFault_Handler                        0x08101443   Thumb Code     4  stm32h7xx_it.o(i.HardFault_Handler)
    LED_GPIO_Config                          0x081014b9   Thumb Code   172  bsp_led.o(i.LED_GPIO_Config)
    NMI_Handler                              0x08101575   Thumb Code     2  stm32h7xx_it.o(i.NMI_Handler)
    SysTick_Handler                          0x08101671   Thumb Code    16  stm32h7xx_it.o(i.SysTick_Handler)
    SystemInit                               0x08101681   Thumb Code   130  system_stm32h7xx.o(i.SystemInit)
    UART_AdvFeatureConfig                    0x08101715   Thumb Code   234  stm32h7xx_hal_uart.o(i.UART_AdvFeatureConfig)
    UART_WaitOnFlagUntilTimeout              0x081017ff   Thumb Code   108  stm32h7xx_hal_uart.o(i.UART_WaitOnFlagUntilTimeout)
    UsageFault_Handler                       0x0810186b   Thumb Code     4  stm32h7xx_it.o(i.UsageFault_Handler)
    __0printf$3                              0x08101871   Thumb Code    22  printf3.o(i.__0printf$3)
    __1printf$3                              0x08101871   Thumb Code     0  printf3.o(i.__0printf$3)
    __2printf                                0x08101871   Thumb Code     0  printf3.o(i.__0printf$3)
    vListInitialise                          0x08101bad   Thumb Code    26  list.o(i.vListInitialise)
    vPortExitCritical                        0x08101bc9   Thumb Code    48  port.o(i.vPortExitCritical)
    vTaskDelete                              0x08101c41   Thumb Code   192  tasks.o(i.vTaskDelete)
    vTaskStartScheduler                      0x08101d51   Thumb Code   102  tasks.o(i.vTaskStartScheduler)
    vTaskSwitchContext                       0x08101dfd   Thumb Code   110  tasks.o(i.vTaskSwitchContext)
    xPortStartScheduler                      0x08101ea9   Thumb Code   256  port.o(i.xPortStartScheduler)
    xPortSysTickHandler                      0x08102005   Thumb Code    50  port.o(i.xPortSysTickHandler)
    xTaskIncrementTick                       0x0810203d   Thumb Code   272  tasks.o(i.xTaskIncrementTick)
    SystemCoreClock                          0x24000000   Data           4  system_stm32h7xx.o(.data)
    SystemD2Clock                            0x24000004   Data           4  system_stm32h7xx.o(.data)
    StartTask_Handler                        0x24000014   Data           4  main.o(.data)
    LED_Task_Handler                         0x24000018   Data           4  main.o(.data)
    LED1_Task_Handler                        0x2400001c   Data           4  main.o(.data)
    pxCurrentTCB                             0x24000020   Data           4  tasks.o(.data)
    __stdout                                 0x24000088   Data           4  stdout.o(.data)
    UartHandle                               0x2400008c   Data         128  bsp_debug_usart.o(.bss)
    __initial_sp                             0x240097f0   Data           0  startup_stm32h743xx.o(STACK)



==============================================================================

Memory Map of the image

  Image Entry point : 0x08000299

  Load Region LR_IROM1 (Base: 0x08000000, Size: 0x000022a0, Max: 0x00100000, ABSOLUTE)

    Execution Region ER_IROM1 (Exec base: 0x08000000, Load base: 0x08000000, Size: 0x00002214, Max: 0x00100000, ABSOLUTE)

    Exec Addr    Load Addr    Size         Type   Attr      Idx    E Section Name        Object

    0x08000000   0x08000000   0x00000298   Data   RO            3    RESET               startup_stm32h743xx.o
    0x08000298   0x08000298   0x00000000   Code   RO         6537  * .ARM.Collect$$$$00000000  mc_w.l(entry.o)
    0x08000298   0x08000298   0x00000004   Code   RO         6811    .ARM.Collect$$$$00000001  mc_w.l(entry2.o)
    0x0800029c   0x0800029c   0x00000004   Code   RO         6814    .ARM.Collect$$$$00000004  mc_w.l(entry5.o)
    0x080002a0   0x080002a0   0x00000000   Code   RO         6816    .ARM.Collect$$$$00000008  mc_w.l(entry7b.o)
    0x080002a0   0x080002a0   0x00000000   Code   RO         6818    .ARM.Collect$$$$0000000A  mc_w.l(entry8b.o)
    0x080002a0   0x080002a0   0x00000008   Code   RO         6819    .ARM.Collect$$$$0000000B  mc_w.l(entry9a.o)
    0x080002a8   0x080002a8   0x00000000   Code   RO         6821    .ARM.Collect$$$$0000000D  mc_w.l(entry10a.o)
    0x080002a8   0x080002a8   0x00000000   Code   RO         6823    .ARM.Collect$$$$0000000F  mc_w.l(entry11a.o)
    0x080002a8   0x080002a8   0x00000004   Code   RO         6812    .ARM.Collect$$$$00002712  mc_w.l(entry2.o)
    0x080002ac   0x080002ac   0x000000c2   Code   RO         6382    .emb_text           port.o
    0x0800036e   0x0800036e   0x00000020   Code   RO         6830    .text               mc_w.l(llushr.o)
    0x0800038e   0x0800038e   0x00000002   PAD
    0x08000390   0x08000390   0x00000024   Code   RO         6843    .text               mc_w.l(init.o)
    0x080003b4   0x080003b4   0x000000fc   Code   RO         5416    i.DEBUG_USART_Config  bsp_debug_usart.o
    0x080004b0   0x080004b0   0x00000002   Code   RO         5326    i.DebugMon_Handler  stm32h7xx_it.o
    0x080004b2   0x080004b2   0x00000002   PAD
    0x080004b4   0x080004b4   0x0000024c   Code   RO          610    i.HAL_GPIO_Init     stm32h7xx_hal_gpio.o
    0x08000700   0x08000700   0x0000000a   Code   RO          614    i.HAL_GPIO_WritePin  stm32h7xx_hal_gpio.o
    0x0800070a   0x0800070a   0x00000002   PAD
    0x0800070c   0x0800070c   0x00000038   Code   RO         4745    i.HAL_RCCEx_GetD1SysClockFreq  stm32h7xx_hal_rcc_ex.o
    0x08000744   0x08000744   0x0000022c   Code   RO         4748    i.HAL_RCCEx_GetPLL2ClockFreq  stm32h7xx_hal_rcc_ex.o
    0x08000970   0x08000970   0x0000002c   Code   RO         4643    i.HAL_RCC_GetPCLK2Freq  stm32h7xx_hal_rcc.o
    0x0800099c   0x0800099c   0x00000002   Code   RO         1659    i.HAL_UART_MspInit  stm32h7xx_hal_uart.o
    0x0800099e   0x0800099e   0x00000002   PAD
    0x080009a0   0x080009a0   0x00000070   Code   RO         5242    i.LED_Task          main.o
    0x08000a10   0x08000a10   0x00000004   Code   RO         5328    i.MemManage_Handler  stm32h7xx_it.o
    0x08000a14   0x08000a14   0x000000f8   Code   RO         4757    i.RCCEx_PLL3_Config  stm32h7xx_hal_rcc_ex.o
    0x08000b0c   0x08000b0c   0x0000006c   Code   RO         5243    i.StartTask         main.o
    0x08000b78   0x08000b78   0x00000214   Code   RO           13    i.SystemCoreClockUpdate  system_stm32h7xx.o
    0x08000d8c   0x08000d8c   0x00000074   Code   RO         1671    i.UART_CheckIdleState  stm32h7xx_hal_uart.o
    0x08000e00   0x08000e00   0x000009a4   Code   RO         1686    i.UART_SetConfig    stm32h7xx_hal_uart.o
    0x080017a4   0x080017a4   0x00000028   Code   RO          489    i.__NVIC_SetPriority  stm32h7xx_hal_cortex.o
    0x080017cc   0x080017cc   0x0000000e   Code   RO         6851    i.__scatterload_copy  mc_w.l(handlers.o)
    0x080017da   0x080017da   0x00000002   Code   RO         6852    i.__scatterload_null  mc_w.l(handlers.o)
    0x080017dc   0x080017dc   0x0000000e   Code   RO         6853    i.__scatterload_zeroinit  mc_w.l(handlers.o)
    0x080017ea   0x080017ea   0x00000002   PAD
    0x080017ec   0x080017ec   0x0000001c   Code   RO         5419    i.fputc             bsp_debug_usart.o
    0x08001808   0x08001808   0x000000a0   Code   RO         5244    i.main              main.o
    0x080018a8   0x080018a8   0x00000098   Code   RO         6014    i.prvAddCurrentTaskToDelayedList  tasks.o
    0x08001940   0x08001940   0x000000b4   Code   RO         6015    i.prvAddNewTaskToReadyList  tasks.o
    0x080019f4   0x080019f4   0x00000012   Code   RO         6017    i.prvDeleteTCB      tasks.o
    0x08001a06   0x08001a06   0x00000002   PAD
    0x08001a08   0x08001a08   0x0000007c   Code   RO         6472    i.prvHeapInit       heap_4.o
    0x08001a84   0x08001a84   0x000000d4   Code   RO         6019    i.prvInitialiseNewTask  tasks.o
    0x08001b58   0x08001b58   0x00000068   Code   RO         6473    i.prvInsertBlockIntoFreeList  heap_4.o
    0x08001bc0   0x08001bc0   0x00000034   Code   RO         6021    i.prvResetNextTaskUnblockTime  tasks.o
    0x08001bf4   0x08001bf4   0x00000164   Code   RO         6474    i.pvPortMalloc      heap_4.o
    0x08001d58   0x08001d58   0x0000002c   Code   RO         6384    i.pxPortInitialiseStack  port.o
    0x08001d84   0x08001d84   0x00000028   Code   RO         5612    i.uxListRemove      list.o
    0x08001dac   0x08001dac   0x00000006   Code   RO         5614    i.vListInitialiseItem  list.o
    0x08001db2   0x08001db2   0x00000034   Code   RO         5615    i.vListInsert       list.o
    0x08001de6   0x08001de6   0x00000018   Code   RO         5616    i.vListInsertEnd    list.o
    0x08001dfe   0x08001dfe   0x00000002   PAD
    0x08001e00   0x08001e00   0x00000094   Code   RO         6386    i.vPortEnterCritical  port.o
    0x08001e94   0x08001e94   0x000000cc   Code   RO         6475    i.vPortFree         heap_4.o
    0x08001f60   0x08001f60   0x00000028   Code   RO         6388    i.vPortSetupTimerInterrupt  port.o
    0x08001f88   0x08001f88   0x00000078   Code   RO         6030    i.vTaskDelay        tasks.o
    0x08002000   0x08002000   0x00000010   Code   RO         6046    i.vTaskSuspendAll   tasks.o
    0x08002010   0x08002010   0x00000060   Code   RO         6050    i.xTaskCreate       tasks.o
    0x08002070   0x08002070   0x00000020   Code   RO         6054    i.xTaskGetSchedulerState  tasks.o
    0x08002090   0x08002090   0x00000124   Code   RO         6063    i.xTaskResumeAll    tasks.o
    0x080021b4   0x080021b4   0x00000040   Data   RO           15    .constdata          system_stm32h7xx.o
    0x080021f4   0x080021f4   0x00000020   Data   RO         6849    Region$$Table       anon$$obj.o


    Execution Region RW_IRAM1 (Exec base: 0x20000000, Load base: 0x08002214, Size: 0x00000000, Max: 0x00020000, ABSOLUTE)

    **** No section assigned to this execution region ****


    Execution Region RW_IRAM2 (Exec base: 0x24000000, Load base: 0x08002214, Size: 0x000097f0, Max: 0x00080000, ABSOLUTE)

    Exec Addr    Load Addr    Size         Type   Attr      Idx    E Section Name        Object

    0x24000000   0x08002214   0x00000008   Data   RW           16    .data               system_stm32h7xx.o
    0x24000008   0x0800221c   0x00000009   Data   RW          202    .data               stm32h7xx_hal.o
    0x24000011   0x08002225   0x00000003   PAD
    0x24000014   0x08002228   0x0000000c   Data   RW         5246    .data               main.o
    0x24000020   0x08002234   0x0000003c   Data   RW         6067    .data               tasks.o
    0x2400005c   0x08002270   0x0000000c   Data   RW         6393    .data               port.o
    0x24000068   0x0800227c   0x00000020   Data   RW         6482    .data               heap_4.o
    0x24000088   0x0800229c   0x00000004   Data   RW         6825    .data               mc_w.l(stdout.o)
    0x2400008c        -       0x00000080   Zero   RW         5420    .bss                bsp_debug_usart.o
    0x2400010c        -       0x000002e4   Zero   RW         6065    .bss                tasks.o
    0x240003f0        -       0x00009000   Zero   RW         6480    .bss                heap_4.o
    0x240093f0        -       0x00000400   Zero   RW            1    STACK               startup_stm32h743xx.o



  Load Region LR_IROM2 (Base: 0x08100000, Size: 0x000021d0, Max: 0x00100000, ABSOLUTE)

    Execution Region ER_IROM2 (Exec base: 0x08100000, Load base: 0x08100000, Size: 0x000021d0, Max: 0x00100000, ABSOLUTE)

    Exec Addr    Load Addr    Size         Type   Attr      Idx    E Section Name        Object

    0x08100000   0x08100000   0x00000024   Code   RO            4    .text               startup_stm32h743xx.o
    0x08100024   0x08100024   0x00000062   Code   RO         6540    .text               mc_w.l(uldiv.o)
    0x08100086   0x08100086   0x0000002c   Code   RO         6826    .text               mc_w.l(uidiv.o)
    0x081000b2   0x081000b2   0x0000001e   Code   RO         6828    .text               mc_w.l(llshl.o)
    0x081000d0   0x081000d0   0x00000004   Code   RO         5325    i.BusFault_Handler  stm32h7xx_it.o
    0x081000d4   0x081000d4   0x0000000c   Code   RO          175    i.HAL_GetTick       stm32h7xx_hal.o
    0x081000e0   0x081000e0   0x00000020   Code   RO          475    i.HAL_NVIC_EnableIRQ  stm32h7xx_hal_cortex.o
    0x08100100   0x08100100   0x0000007c   Code   RO          481    i.HAL_NVIC_SetPriority  stm32h7xx_hal_cortex.o
    0x0810017c   0x0810017c   0x0000002c   Code   RO         4746    i.HAL_RCCEx_GetD3PCLK1Freq  stm32h7xx_hal_rcc_ex.o
    0x081001a8   0x081001a8   0x0000022c   Code   RO         4749    i.HAL_RCCEx_GetPLL3ClockFreq  stm32h7xx_hal_rcc_ex.o
    0x081003d4   0x081003d4   0x00000c88   Code   RO         4753    i.HAL_RCCEx_PeriphCLKConfig  stm32h7xx_hal_rcc_ex.o
    0x0810105c   0x0810105c   0x00000038   Code   RO         4640    i.HAL_RCC_GetHCLKFreq  stm32h7xx_hal_rcc.o
    0x08101094   0x08101094   0x0000002c   Code   RO         4642    i.HAL_RCC_GetPCLK1Freq  stm32h7xx_hal_rcc.o
    0x081010c0   0x081010c0   0x00000244   Code   RO         4644    i.HAL_RCC_GetSysClockFreq  stm32h7xx_hal_rcc.o
    0x08101304   0x08101304   0x00000078   Code   RO         1657    i.HAL_UART_Init     stm32h7xx_hal_uart.o
    0x0810137c   0x0810137c   0x000000c6   Code   RO         1665    i.HAL_UART_Transmit  stm32h7xx_hal_uart.o
    0x08101442   0x08101442   0x00000004   Code   RO         5327    i.HardFault_Handler  stm32h7xx_it.o
    0x08101446   0x08101446   0x00000002   PAD
    0x08101448   0x08101448   0x00000070   Code   RO         5241    i.LED1_Task         main.o
    0x081014b8   0x081014b8   0x000000bc   Code   RO         5390    i.LED_GPIO_Config   bsp_led.o
    0x08101574   0x08101574   0x00000002   Code   RO         5329    i.NMI_Handler       stm32h7xx_it.o
    0x08101576   0x08101576   0x00000002   PAD
    0x08101578   0x08101578   0x000000f8   Code   RO         4756    i.RCCEx_PLL2_Config  stm32h7xx_hal_rcc_ex.o
    0x08101670   0x08101670   0x00000010   Code   RO         5330    i.SysTick_Handler   stm32h7xx_it.o
    0x08101680   0x08101680   0x00000094   Code   RO           14    i.SystemInit        system_stm32h7xx.o
    0x08101714   0x08101714   0x000000ea   Code   RO         1670    i.UART_AdvFeatureConfig  stm32h7xx_hal_uart.o
    0x081017fe   0x081017fe   0x0000006c   Code   RO         1688    i.UART_WaitOnFlagUntilTimeout  stm32h7xx_hal_uart.o
    0x0810186a   0x0810186a   0x00000004   Code   RO         5331    i.UsageFault_Handler  stm32h7xx_it.o
    0x0810186e   0x0810186e   0x00000002   PAD
    0x08101870   0x08101870   0x00000020   Code   RO         6639    i.__0printf$3       mc_w.l(printf3.o)
    0x08101890   0x08101890   0x00000010   Code   RO          488    i.__NVIC_GetPriorityGrouping  stm32h7xx_hal_cortex.o
    0x081018a0   0x081018a0   0x000001b8   Code   RO         6646    i._printf_core      mc_w.l(printf3.o)
    0x08101a58   0x08101a58   0x00000048   Code   RO         6016    i.prvCheckTasksWaitingTermination  tasks.o
    0x08101aa0   0x08101aa0   0x00000028   Code   RO         6018    i.prvIdleTask       tasks.o
    0x08101ac8   0x08101ac8   0x00000068   Code   RO         6020    i.prvInitialiseTaskLists  tasks.o
    0x08101b30   0x08101b30   0x0000007c   Code   RO         6383    i.prvTaskExitError  port.o
    0x08101bac   0x08101bac   0x0000001a   Code   RO         5613    i.vListInitialise   list.o
    0x08101bc6   0x08101bc6   0x00000002   PAD
    0x08101bc8   0x08101bc8   0x00000078   Code   RO         6387    i.vPortExitCritical  port.o
    0x08101c40   0x08101c40   0x00000110   Code   RO         6032    i.vTaskDelete       tasks.o
    0x08101d50   0x08101d50   0x000000ac   Code   RO         6044    i.vTaskStartScheduler  tasks.o
    0x08101dfc   0x08101dfc   0x000000ac   Code   RO         6047    i.vTaskSwitchContext  tasks.o
    0x08101ea8   0x08101ea8   0x0000015c   Code   RO         6390    i.xPortStartScheduler  port.o
    0x08102004   0x08102004   0x00000038   Code   RO         6391    i.xPortSysTickHandler  port.o
    0x0810203c   0x0810203c   0x00000164   Code   RO         6057    i.xTaskIncrementTick  tasks.o
    0x081021a0   0x081021a0   0x00000030   Data   RO         1689    .constdata          stm32h7xx_hal_uart.o


==============================================================================

Image component sizes


      Code (inc. data)   RO Data    RW Data    ZI Data      Debug   Object Name

       280         24          0          0        128       2135   bsp_debug_usart.o
       188         16          0          0          0       1054   bsp_led.o
         0          0          0          0          0       2368   event_groups.o
       788        192          0         32      36864       4239   heap_4.o
       148          0          0          0          0       3338   list.o
       492        198          0         12          0      47705   main.o
      1074        344          0         12          0      10388   port.o
        36          8        664          0       1024        984   startup_stm32h743xx.o
        12          6          0          9          0       1698   stm32h7xx_hal.o
       212         14          0          0          0      37487   stm32h7xx_hal_cortex.o
       598         54          0          0          0       2568   stm32h7xx_hal_gpio.o
       724         56          0          0          0       2782   stm32h7xx_hal_rcc.o
      4916        122          0          0          0       7591   stm32h7xx_hal_rcc_ex.o
      3246        130         48          0          0       7584   stm32h7xx_hal_uart.o
        36          0          0          0          0       3455   stm32h7xx_it.o
       680         50         64          8          0    1087174   system_stm32h7xx.o
      2358        598          0         60        740      23728   tasks.o

    ----------------------------------------------------------------------
     15806       1812        808        136      38756    1246278   Object Totals
         0          0         32          0          0          0   (incl. Generated)
        18          0          0          3          0          0   (incl. Padding)

    ----------------------------------------------------------------------

      Code (inc. data)   RO Data    RW Data    ZI Data      Debug   Library Member Name

         0          0          0          0          0          0   entry.o
         0          0          0          0          0          0   entry10a.o
         0          0          0          0          0          0   entry11a.o
         8          4          0          0          0          0   entry2.o
         4          0          0          0          0          0   entry5.o
         0          0          0          0          0          0   entry7b.o
         0          0          0          0          0          0   entry8b.o
         8          4          0          0          0          0   entry9a.o
        30          0          0          0          0          0   handlers.o
        36          8          0          0          0         68   init.o
        30          0          0          0          0         68   llshl.o
        32          0          0          0          0         68   llushr.o
       472         14          0          0          0        184   printf3.o
         0          0          0          4          0          0   stdout.o
        44          0          0          0          0         80   uidiv.o
        98          0          0          0          0         92   uldiv.o

    ----------------------------------------------------------------------
       766         30          0          4          0        560   Library Totals
         4          0          0          0          0          0   (incl. Padding)

    ----------------------------------------------------------------------

      Code (inc. data)   RO Data    RW Data    ZI Data      Debug   Library Name

       762         30          0          4          0        560   mc_w.l

    ----------------------------------------------------------------------
       766         30          0          4          0        560   Library Totals

    ----------------------------------------------------------------------

==============================================================================


      Code (inc. data)   RO Data    RW Data    ZI Data      Debug   

     16572       1842        808        140      38756    1239934   Grand Totals
     16572       1842        808        140      38756    1239934   ELF Image Totals
     16572       1842        808        140          0          0   ROM Totals

==============================================================================

    Total RO  Size (Code + RO Data)                17380 (  16.97kB)
    Total RW  Size (RW Data + ZI Data)             38896 (  37.98kB)
    Total ROM Size (Code + RO Data + RW Data)      17520 (  17.11kB)

==============================================================================

